[      68ms] [WARNING] <meta name="apple-mobile-web-app-capable" content="yes"> is deprecated. Please include <meta name="mobile-web-app-capable" content="yes"> @ https://www.canva.com/design?create=&width=1200&height=627&units=px&analyticsCorrelationId=0ffe6431-1dd8-40c1-a7cd-0c08b2d7241f&ui=e30&continue_in_browser=true:0
[    1188ms] [LOG] ripple[DAHGtpfwHT4:LGEMzEEeEIM1cKoFA(1776063074647-0,0)]: subscribing to channel @ https://static.canva.com/web/de7b6a15ca4634aa.sentry_browser.js:0
[    1318ms] [INFO] ripple[DAHGtpfwHT4:LGEMzEEeEIM1cKoFA(1776063074647-0,0)]: unsubscribing from channel @ https://static.canva.com/web/de7b6a15ca4634aa.sentry_browser.js:0
[    1320ms] [INFO] websocket_client: 1776063081658 connecting... @ https://static.canva.com/web/de7b6a15ca4634aa.sentry_browser.js:0
[    2133ms] [INFO] websocket_client: connected @ https://static.canva.com/web/de7b6a15ca4634aa.sentry_browser.js:0
[    2134ms] [LOG] ripple[DAHGtpfwHT4:LGEMzEEeEIM1cKoFA(1776063074647-0,0)]: subscribing to channel @ https://static.canva.com/web/de7b6a15ca4634aa.sentry_browser.js:0
[    2136ms] [INFO] websocket_client: status CONNECTED @ https://static.canva.com/web/de7b6a15ca4634aa.sentry_browser.js:0
[    2558ms] [INFO] websocket_client: request id 9eb88a8dbc210da8 @ https://static.canva.com/web/de7b6a15ca4634aa.sentry_browser.js:0
[    8729ms] [LOG] %cO Canva foi desenvolvido com TypeScript, React, MobX, RxJS, PostCSS, webpack e muito amor. text-shadow: #a0f9fa 0 0 2px; font-family: monospace; font-size: 1.4em; @ https://static.canva.com/web/de7b6a15ca4634aa.sentry_browser.js:0
[    8729ms] [LOG] %cQuer trabalhar com a gente? Confira https://www.canva.com/careers/ text-shadow: #a0f9fa 0 0 2px; font-family: monospace; font-size: 1.4em; @ https://static.canva.com/web/de7b6a15ca4634aa.sentry_browser.js:0
[    8729ms] [LOG] %cQuer trabalhar com a gente? Confira nossos SDK e APIs aqui: https://www.canva.com/developers/ text-shadow: #a0f9fa 0 0 2px; font-family: monospace; font-size: 1.4em; @ https://static.canva.com/web/de7b6a15ca4634aa.sentry_browser.js:0
[  984319ms] [WARNING] Blocked aria-hidden on an element because its descendant retained focus. The focus must not be hidden from assistive technology users. Avoid using aria-hidden on a focused element or its ancestor. Consider using the inert attribute instead, which will also prevent focus. For more details, see the aria-hidden section of the WAI-ARIA specification at https://w3c.github.io/aria/#aria-hidden.
Element with focus: <button._5KtATA LQzFZw VgvqkQ _8ERLTg h69Neg unS_Qw LQzFZw VgvqkQ _4_iekA j34Zww aqbYPg _3FvZZg h5mTDw>
Ancestor with aria-hidden: <div.KxXR9g KwB0XQ JFJaKQ> @ https://www.canva.com/design/DAHGtpfwHT4/WjMSROCDDz9bgNYXiirzwg/edit?continue_in_browser=true&ui=e30&referrer=https%3A%2F%2Fwww.canva.com%2F%3Fcontinue_in_browser%3Dtrue:0
[  986547ms] [WARNING] Blocked aria-hidden on an element because its descendant retained focus. The focus must not be hidden from assistive technology users. Avoid using aria-hidden on a focused element or its ancestor. Consider using the inert attribute instead, which will also prevent focus. For more details, see the aria-hidden section of the WAI-ARIA specification at https://w3c.github.io/aria/#aria-hidden.
Element with focus: <button._5KtATA LQzFZw VgvqkQ _8ERLTg h69Neg unS_Qw LQzFZw VgvqkQ _4_iekA j34Zww aqbYPg _3FvZZg h5mTDw>
Ancestor with aria-hidden: <div.KxXR9g KwB0XQ JFJaKQ> @ https://www.canva.com/design/DAHGtpfwHT4/WjMSROCDDz9bgNYXiirzwg/edit?continue_in_browser=true&ui=e30&referrer=https%3A%2F%2Fwww.canva.com%2F%3Fcontinue_in_browser%3Dtrue:0
[  994321ms] [WARNING] Blocked aria-hidden on an element because its descendant retained focus. The focus must not be hidden from assistive technology users. Avoid using aria-hidden on a focused element or its ancestor. Consider using the inert attribute instead, which will also prevent focus. For more details, see the aria-hidden section of the WAI-ARIA specification at https://w3c.github.io/aria/#aria-hidden.
Element with focus: <button._5KtATA LQzFZw VgvqkQ _8ERLTg h69Neg unS_Qw LQzFZw VgvqkQ _4_iekA j34Zww aqbYPg _3FvZZg h5mTDw>
Ancestor with aria-hidden: <div.KxXR9g KwB0XQ JFJaKQ> @ https://www.canva.com/design/DAHGtpfwHT4/WjMSROCDDz9bgNYXiirzwg/edit?continue_in_browser=true&ui=e30&referrer=https%3A%2F%2Fwww.canva.com%2F%3Fcontinue_in_browser%3Dtrue:0
[  996147ms] [WARNING] Blocked aria-hidden on an element because its descendant retained focus. The focus must not be hidden from assistive technology users. Avoid using aria-hidden on a focused element or its ancestor. Consider using the inert attribute instead, which will also prevent focus. For more details, see the aria-hidden section of the WAI-ARIA specification at https://w3c.github.io/aria/#aria-hidden.
Element with focus: <button._5KtATA LQzFZw VgvqkQ _8ERLTg h69Neg unS_Qw LQzFZw VgvqkQ _4_iekA j34Zww aqbYPg _3FvZZg h5mTDw>
Ancestor with aria-hidden: <div.KxXR9g KwB0XQ JFJaKQ> @ https://www.canva.com/design/DAHGtpfwHT4/WjMSROCDDz9bgNYXiirzwg/edit?continue_in_browser=true&ui=e30&referrer=https%3A%2F%2Fwww.canva.com%2F%3Fcontinue_in_browser%3Dtrue:0
[ 1020914ms] [INFO] websocket_client: 1776064101252 connecting... @ https://static.canva.com/web/4e79c99ae5dfae9b.sentry_browser.js:0
[ 1021654ms] [INFO] websocket_client: connected @ https://static.canva.com/web/4e79c99ae5dfae9b.sentry_browser.js:0
[ 1021654ms] [INFO] websocket_client: status CONNECTED @ https://static.canva.com/web/4e79c99ae5dfae9b.sentry_browser.js:0
[ 1021860ms] [INFO] websocket_client: request id 9eb8a3720b4aa64f @ https://static.canva.com/web/4e79c99ae5dfae9b.sentry_browser.js:0
[ 1022886ms] [ERROR] Attestation check for Attribution Reporting on https://www.facebook.com failed. @ https://www.canva.com/?continue_in_browser=true:0
[ 1022989ms] [ERROR] Attestation check for Attribution Reporting on https://www.facebook.com failed. @ https://www.canva.com/?continue_in_browser=true:0
[ 1023097ms] [ERROR] Attestation check for Attribution Reporting on https://www.facebook.com failed. @ https://www.canva.com/?continue_in_browser=true:0
[ 1023664ms] [ERROR] Attestation check for Attribution Reporting on https://www.facebook.com failed. @ https://www.canva.com/?continue_in_browser=true:0
[ 1068051ms] [ERROR] Attestation check for Attribution Reporting on https://www.facebook.com failed. @ https://www.canva.com/projects?continue_in_browser=true:0
[ 1068094ms] [ERROR] Attestation check for Attribution Reporting on https://www.facebook.com failed. @ https://www.canva.com/projects?continue_in_browser=true:0
[ 1068389ms] [ERROR] Attestation check for Attribution Reporting on https://www.facebook.com failed. @ https://www.canva.com/projects?continue_in_browser=true:0
[ 1562166ms] [ERROR] Attestation check for Attribution Reporting on https://www.facebook.com failed. @ https://www.canva.com/projects?continue_in_browser=true:0
[ 1569659ms] [ERROR] Attestation check for Attribution Reporting on https://www.facebook.com failed. @ https://www.canva.com/your-apps?continue_in_browser=true:0
[ 1569708ms] [ERROR] Attestation check for Attribution Reporting on https://www.facebook.com failed. @ https://www.canva.com/your-apps?continue_in_browser=true:0
[ 1571049ms] [WARNING] Failed to execute 'postMessage' on 'DOMWindow': The target origin provided ('https://www.youtube-nocookie.com') does not match the recipient window's origin ('https://www.canva.com'). @ https://chunk-composing.canva.com/chunk-batch/825e3a614ee6e10c.strings.js+9595077784fb3e94.js+ed055f065e297890.js+49bab6769a015aac.js+fbfb26763885ed20.js+b1094f6f81192eea.js+b38dd224fe38ea1d.js+d877db0c15e028fd.js+98df7c6e57d7148f.js+bf062cfa98e4f9e3.js+813e9757d9767274.js+b03b25097ea05d7d.js+7853904f5749dc19.js+68af95d47fef6f37.js+24e0d7273bdfa251.js+4c3fe2337bf3ff1d.js+6f7c5de14c19fbb0.js+03372526cd1b0677.js+1f11f0611b1d0c96.js+d7543656b15a855d.js+9cc06d5d382f085b.js+0a639d819352cc11.js+5aeaff870a630497.js+3b382a547730a107.js+829d7c58b529d021.js+26ba8891af884e3a.js+27718abd52d85bc1.js+b3969dd3c69a6cf1.js+ac5f715c65aadbec.js+22cc06c3493c481d.js+0235dedfd8ff3cf3.js+bbd91d257ec0a5db.js+33732ff0cfea8e1b.js+a99408cab95c132a.js+17a45b4da08c3b94.js+b77447bfd56b84c4.js+d4f29b80ebb48ffc.js+405ef58ca7ca1a9c.strings.js+8870976c8d2dbacf.js+3a7efbb165889d76.js:266
[ 1571412ms] [WARNING] Failed to execute 'postMessage' on 'DOMWindow': The target origin provided ('https://www.youtube-nocookie.com') does not match the recipient window's origin ('https://www.canva.com'). @ https://chunk-composing.canva.com/chunk-batch/825e3a614ee6e10c.strings.js+9595077784fb3e94.js+ed055f065e297890.js+49bab6769a015aac.js+fbfb26763885ed20.js+b1094f6f81192eea.js+b38dd224fe38ea1d.js+d877db0c15e028fd.js+98df7c6e57d7148f.js+bf062cfa98e4f9e3.js+813e9757d9767274.js+b03b25097ea05d7d.js+7853904f5749dc19.js+68af95d47fef6f37.js+24e0d7273bdfa251.js+4c3fe2337bf3ff1d.js+6f7c5de14c19fbb0.js+03372526cd1b0677.js+1f11f0611b1d0c96.js+d7543656b15a855d.js+9cc06d5d382f085b.js+0a639d819352cc11.js+5aeaff870a630497.js+3b382a547730a107.js+829d7c58b529d021.js+26ba8891af884e3a.js+27718abd52d85bc1.js+b3969dd3c69a6cf1.js+ac5f715c65aadbec.js+22cc06c3493c481d.js+0235dedfd8ff3cf3.js+bbd91d257ec0a5db.js+33732ff0cfea8e1b.js+a99408cab95c132a.js+17a45b4da08c3b94.js+b77447bfd56b84c4.js+d4f29b80ebb48ffc.js+405ef58ca7ca1a9c.strings.js+8870976c8d2dbacf.js+3a7efbb165889d76.js:266
[ 1603459ms] [ERROR] Attestation check for Attribution Reporting on https://www.facebook.com failed. @ https://www.canva.com/your-apps/graphic-design:0
[ 1603459ms] [ERROR] Attestation check for Attribution Reporting on https://www.facebook.com failed. @ https://www.canva.com/your-apps/graphic-design:0
[ 1603636ms] [ERROR] Attestation check for Attribution Reporting on https://www.facebook.com failed. @ https://www.canva.com/your-apps/graphic-design:0
[ 1877015ms] [ERROR] Attestation check for Attribution Reporting on https://www.facebook.com failed. @ https://www.canva.com/your-apps/graphic-design:0
[ 1879823ms] [ERROR] Attestation check for Attribution Reporting on https://www.facebook.com failed. @ https://www.canva.com/print-shop?continue_in_browser=true:0
[ 1879831ms] [ERROR] Attestation check for Attribution Reporting on https://www.facebook.com failed. @ https://www.canva.com/print-shop?continue_in_browser=true:0
[ 2085140ms] [WARNING] Blocked aria-hidden on an element because its descendant retained focus. The focus must not be hidden from assistive technology users. Avoid using aria-hidden on a focused element or its ancestor. Consider using the inert attribute instead, which will also prevent focus. For more details, see the aria-hidden section of the WAI-ARIA specification at https://w3c.github.io/aria/#aria-hidden.
Element with focus: <button._5KtATA _8ERLTg h69Neg mr_06Q _833hQ O93RRw _2a6tNg j34Zww biNPNg aqbYPg _3FvZZg xSjJ4w _0DA3uA ruqCcA>
Ancestor with aria-hidden: <button._5KtATA _8ERLTg h69Neg mr_06Q _833hQ O93RRw _2a6tNg j34Zww biNPNg aqbYPg _3FvZZg xSjJ4w _0DA3uA ruqCcA> @ https://www.canva.com/print-shop?continue_in_browser=true:0
[ 2085482ms] [ERROR] Attestation check for Attribution Reporting on https://www.facebook.com failed. @ https://www.canva.com/print-shop?continue_in_browser=true:0
[ 2091537ms] [ERROR] Attestation check for Attribution Reporting on https://www.facebook.com failed. @ https://www.canva.com/print-shop?continue_in_browser=true:0
[ 2095075ms] [ERROR] Attestation check for Attribution Reporting on https://www.facebook.com failed. @ https://www.canva.com/print-shop?continue_in_browser=true:0
[ 2102049ms] [ERROR] Attestation check for Attribution Reporting on https://www.facebook.com failed. @ https://www.canva.com/?continue_in_browser=true:0
[ 2102049ms] [ERROR] Attestation check for Attribution Reporting on https://www.facebook.com failed. @ https://www.canva.com/?continue_in_browser=true:0
[ 2102049ms] [ERROR] Attestation check for Attribution Reporting on https://www.facebook.com failed. @ https://www.canva.com/?continue_in_browser=true:0
[ 2102055ms] [ERROR] Attestation check for Attribution Reporting on https://www.facebook.com failed. @ https://www.canva.com/?continue_in_browser=true:0
[ 2104631ms] [ERROR] Attestation check for Attribution Reporting on https://www.facebook.com failed. @ https://www.canva.com/?continue_in_browser=true:0
[ 2112070ms] [ERROR] Attestation check for Attribution Reporting on https://www.facebook.com failed. @ https://www.canva.com/ai/code?continue_in_browser=true:0
[ 2112183ms] [ERROR] Attestation check for Attribution Reporting on https://www.facebook.com failed. @ https://www.canva.com/ai/code?continue_in_browser=true:0
[ 2112184ms] [ERROR] Attestation check for Attribution Reporting on https://www.facebook.com failed. @ https://www.canva.com/ai/code?continue_in_browser=true:0
[ 2112184ms] [ERROR] Attestation check for Attribution Reporting on https://www.facebook.com failed. @ https://www.canva.com/ai/code?continue_in_browser=true:0
