[    2347ms] [WARNING] [GSI_LOGGER]: Your client application uses one of the Google One Tap prompt UI status methods that may stop functioning when FedCM becomes mandatory. Refer to the migration guide to update your code accordingly and opt-in to FedCM to test your changes. Learn more: https://developers.google.com/identity/gsi/web/guides/fedcm-migration?s=dc#display_moment and https://developers.google.com/identity/gsi/web/guides/fedcm-migration?s=dc#skipped_moment @ https://static.canva.com/web/f3cf4411110060c6.sentry_browser.js:0
[    2360ms] [ERROR] Not signed in with the identity provider. @ https://www.canva.com/pt_br/:0
[    4954ms] [ERROR] [GSI_LOGGER]: FedCM get() rejects with NetworkError: Error retrieving a token. @ https://static.canva.com/web/f3cf4411110060c6.sentry_browser.js:0
[    5371ms] [ERROR] Attestation check for Attribution Reporting on https://www.facebook.com failed. @ https://www.canva.com/pt_br/:0
[   16347ms] [ERROR] Cross-Origin-Opener-Policy policy would block the window.closed call. @ https://static.canva.com/web/433ac996f661b78f.js:584
[   16347ms] [ERROR] Cross-Origin-Opener-Policy policy would block the window.closed call. @ https://static.canva.com/web/433ac996f661b78f.js:584
[   24836ms] [ERROR] Cross-Origin-Opener-Policy policy would block the window.closed call. @ https://static.canva.com/web/433ac996f661b78f.js:584
[   24836ms] [ERROR] Cross-Origin-Opener-Policy policy would block the window.closed call. @ https://static.canva.com/web/433ac996f661b78f.js:584
[   25840ms] [ERROR] Cross-Origin-Opener-Policy policy would block the window.closed call. @ https://static.canva.com/web/433ac996f661b78f.js:584
[   25840ms] [ERROR] Cross-Origin-Opener-Policy policy would block the window.closed call. @ https://static.canva.com/web/433ac996f661b78f.js:584
[   38193ms] [INFO] Loading the script 'https://static.canva.com/web/2e96e3acb8477bbc.runtime.js' violates the following Content Security Policy directive: "script-src 'none'". Note that 'script-src-elem' was not explicitly set, so 'script-src' is used as a fallback. The policy is report-only, so the violation has been logged but no further action has been taken. @ https://www.canva.com/:0
[   38193ms] [INFO] Loading the script 'https://static.canva.com/web/68974f17658dbb11.s4le6a.vendor.js' violates the following Content Security Policy directive: "script-src 'none'". Note that 'script-src-elem' was not explicitly set, so 'script-src' is used as a fallback. The policy is report-only, so the violation has been logged but no further action has been taken. @ https://www.canva.com/:0
[   38194ms] [INFO] Loading the script 'https://static.canva.com/web/67f6402f16798614.vendor.js' violates the following Content Security Policy directive: "script-src 'none'". Note that 'script-src-elem' was not explicitly set, so 'script-src' is used as a fallback. The policy is report-only, so the violation has been logged but no further action has been taken. @ https://www.canva.com/:0
[   38194ms] [INFO] Loading the script 'https://static.canva.com/web/cfa85fb6c9862d79.strings.js' violates the following Content Security Policy directive: "script-src 'none'". Note that 'script-src-elem' was not explicitly set, so 'script-src' is used as a fallback. The policy is report-only, so the violation has been logged but no further action has been taken. @ https://www.canva.com/:0
[   38194ms] [INFO] Loading the script 'https://static.canva.com/web/1rcwy4.db89bf8cf8cf6c9f.js' violates the following Content Security Policy directive: "script-src 'none'". Note that 'script-src-elem' was not explicitly set, so 'script-src' is used as a fallback. The policy is report-only, so the violation has been logged but no further action has been taken. @ https://www.canva.com/:0
[   38194ms] [INFO] Executing inline script violates the following Content Security Policy directive 'script-src 'none''. Either the 'unsafe-inline' keyword, a hash ('sha256-mdOByQD574A7Yn++MTIogrBpmv1cwrP7XMmU2KMpurk='), or a nonce ('nonce-...') is required to enable inline execution. The policy is report-only, so the violation has been logged but no further action has been taken. @ https://www.canva.com/:0
[   38195ms] [INFO] Loading the script 'https://static.canva.com/web/c688833c9c362b5c.sentry_browser.js' violates the following Content Security Policy directive: "script-src 'none'". Note that 'script-src-elem' was not explicitly set, so 'script-src' is used as a fallback. The policy is report-only, so the violation has been logged but no further action has been taken. @ https://www.canva.com/:0
[   38228ms] [INFO] Connecting to 'https://o13855.ingest.sentry.io/api/6717772/envelope/?sentry_version=7&sentry_key=d57d42ab4ecb45dd91452ea5df717af4&sentry_client=sentry.javascript.browser%2F10.34.0' violates the following Content Security Policy directive: "connect-src 'none'". The policy is report-only, so the violation has been logged but no further action has been taken. @ https://static.canva.com/web/c688833c9c362b5c.sentry_browser.js:0
[   38229ms] [INFO] Connecting to 'https://o13855.ingest.sentry.io/api/6717772/envelope/?sentry_version=7&sentry_key=d57d42ab4ecb45dd91452ea5df717af4&sentry_client=sentry.javascript.browser%2F10.34.0' violates the following Content Security Policy directive: "connect-src 'none'". The policy is report-only, so the violation has been logged but no further action has been taken. @ https://static.canva.com/web/c688833c9c362b5c.sentry_browser.js:0
[   38237ms] [INFO] Executing inline script violates the following Content Security Policy directive 'script-src 'none''. Either the 'unsafe-inline' keyword, a hash ('sha256-dK/NzaQ/ZZx52cRH9xux9LjLbrJ9W2FNNgxG6rFLnfc='), or a nonce ('nonce-...') is required to enable inline execution. The policy is report-only, so the violation has been logged but no further action has been taken. @ https://www.canva.com/:0
[   38238ms] [INFO] Executing inline script violates the following Content Security Policy directive 'script-src 'none''. Either the 'unsafe-inline' keyword, a hash ('sha256-B8fQbMpFnHSYeyJM3K5nKBx0fb3O4VnGo/bKrrRNfqU='), or a nonce ('nonce-...') is required to enable inline execution. The policy is report-only, so the violation has been logged but no further action has been taken. @ https://www.canva.com/:0
[   38239ms] [INFO] Loading the script 'https://static.canva.com/web/2e96e3acb8477bbc.runtime.js' violates the following Content Security Policy directive: "script-src 'none'". Note that 'script-src-elem' was not explicitly set, so 'script-src' is used as a fallback. The policy is report-only, so the violation has been logged but no further action has been taken. @ https://www.canva.com/:0
[   38239ms] [INFO] Loading the script 'https://static.canva.com/web/68974f17658dbb11.s4le6a.vendor.js' violates the following Content Security Policy directive: "script-src 'none'". Note that 'script-src-elem' was not explicitly set, so 'script-src' is used as a fallback. The policy is report-only, so the violation has been logged but no further action has been taken. @ https://www.canva.com/:0
[   38239ms] [INFO] Loading the script 'https://static.canva.com/web/67f6402f16798614.vendor.js' violates the following Content Security Policy directive: "script-src 'none'". Note that 'script-src-elem' was not explicitly set, so 'script-src' is used as a fallback. The policy is report-only, so the violation has been logged but no further action has been taken. @ https://www.canva.com/:0
[   38240ms] [INFO] Loading the script 'https://static.canva.com/web/cfa85fb6c9862d79.strings.js' violates the following Content Security Policy directive: "script-src 'none'". Note that 'script-src-elem' was not explicitly set, so 'script-src' is used as a fallback. The policy is report-only, so the violation has been logged but no further action has been taken. @ https://www.canva.com/:0
[   38240ms] [INFO] Loading the script 'https://static.canva.com/web/1rcwy4.db89bf8cf8cf6c9f.js' violates the following Content Security Policy directive: "script-src 'none'". Note that 'script-src-elem' was not explicitly set, so 'script-src' is used as a fallback. The policy is report-only, so the violation has been logged but no further action has been taken. @ https://www.canva.com/:0
[   38240ms] [INFO] Loading the script 'https://static.cloudflareinsights.com/beacon.min.js/vcd15cbe7772f49c399c6a5babf22c1241717689176015' violates the following Content Security Policy directive: "script-src 'none'". Note that 'script-src-elem' was not explicitly set, so 'script-src' is used as a fallback. The policy is report-only, so the violation has been logged but no further action has been taken. @ https://www.canva.com/:0
[   38299ms] [INFO] Loading the script 'https://static.canva.com/web/0b9caacd57b4cca4.js' violates the following Content Security Policy directive: "script-src 'none'". Note that 'script-src-elem' was not explicitly set, so 'script-src' is used as a fallback. The policy is report-only, so the violation has been logged but no further action has been taken. @ https://static.canva.com/web/2e96e3acb8477bbc.runtime.js:0
[   38302ms] [INFO] Loading the script 'https://static.canva.com/web/14215e71e9fa88cf.js' violates the following Content Security Policy directive: "script-src 'none'". Note that 'script-src-elem' was not explicitly set, so 'script-src' is used as a fallback. The policy is report-only, so the violation has been logged but no further action has been taken. @ https://static.canva.com/web/2e96e3acb8477bbc.runtime.js:0
[   38303ms] [INFO] Loading the script 'https://static.canva.com/web/556600a3a5e00474.js' violates the following Content Security Policy directive: "script-src 'none'". Note that 'script-src-elem' was not explicitly set, so 'script-src' is used as a fallback. The policy is report-only, so the violation has been logged but no further action has been taken. @ https://static.canva.com/web/2e96e3acb8477bbc.runtime.js:0
[   38303ms] [INFO] Loading the script 'https://static.canva.com/web/2f38ff827d07b6f5.js' violates the following Content Security Policy directive: "script-src 'none'". Note that 'script-src-elem' was not explicitly set, so 'script-src' is used as a fallback. The policy is report-only, so the violation has been logged but no further action has been taken. @ https://static.canva.com/web/2e96e3acb8477bbc.runtime.js:0
[   38304ms] [INFO] Loading the script 'https://static.canva.com/web/c4ced6d3acb653cd.js' violates the following Content Security Policy directive: "script-src 'none'". Note that 'script-src-elem' was not explicitly set, so 'script-src' is used as a fallback. The policy is report-only, so the violation has been logged but no further action has been taken. @ https://static.canva.com/web/2e96e3acb8477bbc.runtime.js:0
[   38304ms] [INFO] Loading the script 'https://static.canva.com/web/26be6d5b2e6ed2e6.js' violates the following Content Security Policy directive: "script-src 'none'". Note that 'script-src-elem' was not explicitly set, so 'script-src' is used as a fallback. The policy is report-only, so the violation has been logged but no further action has been taken. @ https://static.canva.com/web/2e96e3acb8477bbc.runtime.js:0
[   38305ms] [INFO] Loading the script 'https://static.canva.com/web/e61626cae6252f5d.js' violates the following Content Security Policy directive: "script-src 'none'". Note that 'script-src-elem' was not explicitly set, so 'script-src' is used as a fallback. The policy is report-only, so the violation has been logged but no further action has been taken. @ https://static.canva.com/web/2e96e3acb8477bbc.runtime.js:0
[   38306ms] [INFO] Loading the script 'https://static.canva.com/web/4af33759e3fa3561.js' violates the following Content Security Policy directive: "script-src 'none'". Note that 'script-src-elem' was not explicitly set, so 'script-src' is used as a fallback. The policy is report-only, so the violation has been logged but no further action has been taken. @ https://static.canva.com/web/2e96e3acb8477bbc.runtime.js:0
[   38321ms] [ERROR] Failed to launch 'canva://url/' because the scheme does not have a registered handler. @ https://www.canva.com/:0
[   38374ms] [INFO] Loading the script 'https://static.canva.com/web/d081b29d041a3a7d.vendor.js' violates the following Content Security Policy directive: "script-src 'none'". Note that 'script-src-elem' was not explicitly set, so 'script-src' is used as a fallback. The policy is report-only, so the violation has been logged but no further action has been taken. @ https://static.canva.com/web/2e96e3acb8477bbc.runtime.js:0
[   38391ms] [INFO] Loading the script 'https://www.canva.com/gtg/gtm.js?id=GTM-TZPTKRR&l=dataLayer' violates the following Content Security Policy directive: "script-src 'none'". Note that 'script-src-elem' was not explicitly set, so 'script-src' is used as a fallback. The policy is report-only, so the violation has been logged but no further action has been taken. @ https://static.canva.com/web/e61626cae6252f5d.js:5
[   38423ms] [INFO] Evaluating a string as JavaScript violates the following Content Security Policy directive because 'unsafe-eval' is not an allowed source of script: "script-src 'none'".
 The policy is report-only, so the violation has been logged but no further action has been taken. @ https://www.canva.com/gtg/gtm.js?id=GTM-TZPTKRR&l=dataLayer:4
[   38431ms] [INFO] Evaluating a string as JavaScript violates the following Content Security Policy directive because 'unsafe-eval' is not an allowed source of script: "script-src 'none'".
 The policy is report-only, so the violation has been logged but no further action has been taken. @ https://www.canva.com/gtg/gtm.js?id=GTM-TZPTKRR&l=dataLayer:4
[   38437ms] [INFO] Evaluating a string as JavaScript violates the following Content Security Policy directive because 'unsafe-eval' is not an allowed source of script: "script-src 'none'".
 The policy is report-only, so the violation has been logged but no further action has been taken. @ https://www.canva.com/gtg/gtm.js?id=GTM-TZPTKRR&l=dataLayer:4
[   38437ms] [INFO] Evaluating a string as JavaScript violates the following Content Security Policy directive because 'unsafe-eval' is not an allowed source of script: "script-src 'none'".
 The policy is report-only, so the violation has been logged but no further action has been taken. @ https://www.canva.com/gtg/gtm.js?id=GTM-TZPTKRR&l=dataLayer:4
[   38438ms] [INFO] Evaluating a string as JavaScript violates the following Content Security Policy directive because 'unsafe-eval' is not an allowed source of script: "script-src 'none'".
 The policy is report-only, so the violation has been logged but no further action has been taken. @ https://www.canva.com/gtg/gtm.js?id=GTM-TZPTKRR&l=dataLayer:4
[   38439ms] [INFO] Evaluating a string as JavaScript violates the following Content Security Policy directive because 'unsafe-eval' is not an allowed source of script: "script-src 'none'".
 The policy is report-only, so the violation has been logged but no further action has been taken. @ https://www.canva.com/gtg/gtm.js?id=GTM-TZPTKRR&l=dataLayer:4
[   38440ms] [INFO] Evaluating a string as JavaScript violates the following Content Security Policy directive because 'unsafe-eval' is not an allowed source of script: "script-src 'none'".
 The policy is report-only, so the violation has been logged but no further action has been taken. @ https://www.canva.com/gtg/gtm.js?id=GTM-TZPTKRR&l=dataLayer:4
[   38441ms] [INFO] Evaluating a string as JavaScript violates the following Content Security Policy directive because 'unsafe-eval' is not an allowed source of script: "script-src 'none'".
 The policy is report-only, so the violation has been logged but no further action has been taken. @ https://www.canva.com/gtg/gtm.js?id=GTM-TZPTKRR&l=dataLayer:4
[   38441ms] [INFO] Evaluating a string as JavaScript violates the following Content Security Policy directive because 'unsafe-eval' is not an allowed source of script: "script-src 'none'".
 The policy is report-only, so the violation has been logged but no further action has been taken. @ https://www.canva.com/gtg/gtm.js?id=GTM-TZPTKRR&l=dataLayer:4
[   38442ms] [INFO] Evaluating a string as JavaScript violates the following Content Security Policy directive because 'unsafe-eval' is not an allowed source of script: "script-src 'none'".
 The policy is report-only, so the violation has been logged but no further action has been taken. @ https://www.canva.com/gtg/gtm.js?id=GTM-TZPTKRR&l=dataLayer:4
[   38442ms] [INFO] Evaluating a string as JavaScript violates the following Content Security Policy directive because 'unsafe-eval' is not an allowed source of script: "script-src 'none'".
 The policy is report-only, so the violation has been logged but no further action has been taken. @ https://www.canva.com/gtg/gtm.js?id=GTM-TZPTKRR&l=dataLayer:4
[   38445ms] [INFO] Evaluating a string as JavaScript violates the following Content Security Policy directive because 'unsafe-eval' is not an allowed source of script: "script-src 'none'".
 The policy is report-only, so the violation has been logged but no further action has been taken. @ https://www.canva.com/gtg/gtm.js?id=GTM-TZPTKRR&l=dataLayer:4
[   38447ms] [INFO] Evaluating a string as JavaScript violates the following Content Security Policy directive because 'unsafe-eval' is not an allowed source of script: "script-src 'none'".
 The policy is report-only, so the violation has been logged but no further action has been taken. @ https://www.canva.com/gtg/gtm.js?id=GTM-TZPTKRR&l=dataLayer:4
[   38447ms] [INFO] Evaluating a string as JavaScript violates the following Content Security Policy directive because 'unsafe-eval' is not an allowed source of script: "script-src 'none'".
 The policy is report-only, so the violation has been logged but no further action has been taken. @ https://www.canva.com/gtg/gtm.js?id=GTM-TZPTKRR&l=dataLayer:4
[   38449ms] [INFO] Evaluating a string as JavaScript violates the following Content Security Policy directive because 'unsafe-eval' is not an allowed source of script: "script-src 'none'".
 The policy is report-only, so the violation has been logged but no further action has been taken. @ https://www.canva.com/gtg/gtm.js?id=GTM-TZPTKRR&l=dataLayer:4
[   38449ms] [INFO] Evaluating a string as JavaScript violates the following Content Security Policy directive because 'unsafe-eval' is not an allowed source of script: "script-src 'none'".
 The policy is report-only, so the violation has been logged but no further action has been taken. @ https://www.canva.com/gtg/gtm.js?id=GTM-TZPTKRR&l=dataLayer:4
[   38450ms] [INFO] Evaluating a string as JavaScript violates the following Content Security Policy directive because 'unsafe-eval' is not an allowed source of script: "script-src 'none'".
 The policy is report-only, so the violation has been logged but no further action has been taken. @ https://www.canva.com/gtg/gtm.js?id=GTM-TZPTKRR&l=dataLayer:4
[   38450ms] [INFO] Evaluating a string as JavaScript violates the following Content Security Policy directive because 'unsafe-eval' is not an allowed source of script: "script-src 'none'".
 The policy is report-only, so the violation has been logged but no further action has been taken. @ https://www.canva.com/gtg/gtm.js?id=GTM-TZPTKRR&l=dataLayer:4
[   38450ms] [INFO] Evaluating a string as JavaScript violates the following Content Security Policy directive because 'unsafe-eval' is not an allowed source of script: "script-src 'none'".
 The policy is report-only, so the violation has been logged but no further action has been taken. @ https://www.canva.com/gtg/gtm.js?id=GTM-TZPTKRR&l=dataLayer:4
[   38451ms] [INFO] Evaluating a string as JavaScript violates the following Content Security Policy directive because 'unsafe-eval' is not an allowed source of script: "script-src 'none'".
 The policy is report-only, so the violation has been logged but no further action has been taken. @ https://www.canva.com/gtg/gtm.js?id=GTM-TZPTKRR&l=dataLayer:4
[   38451ms] [INFO] Evaluating a string as JavaScript violates the following Content Security Policy directive because 'unsafe-eval' is not an allowed source of script: "script-src 'none'".
 The policy is report-only, so the violation has been logged but no further action has been taken. @ https://www.canva.com/gtg/gtm.js?id=GTM-TZPTKRR&l=dataLayer:4
[   38452ms] [INFO] Evaluating a string as JavaScript violates the following Content Security Policy directive because 'unsafe-eval' is not an allowed source of script: "script-src 'none'".
 The policy is report-only, so the violation has been logged but no further action has been taken. @ https://www.canva.com/gtg/gtm.js?id=GTM-TZPTKRR&l=dataLayer:4
[   38452ms] [INFO] Evaluating a string as JavaScript violates the following Content Security Policy directive because 'unsafe-eval' is not an allowed source of script: "script-src 'none'".
 The policy is report-only, so the violation has been logged but no further action has been taken. @ https://www.canva.com/gtg/gtm.js?id=GTM-TZPTKRR&l=dataLayer:4
[   38453ms] [INFO] Evaluating a string as JavaScript violates the following Content Security Policy directive because 'unsafe-eval' is not an allowed source of script: "script-src 'none'".
 The policy is report-only, so the violation has been logged but no further action has been taken. @ https://www.canva.com/gtg/gtm.js?id=GTM-TZPTKRR&l=dataLayer:4
[   38456ms] [INFO] Loading the script 'https://www.canva.com/gtg/?id=G-EPWEMH6717&cx=c&gtm=4e6481' violates the following Content Security Policy directive: "script-src 'none'". Note that 'script-src-elem' was not explicitly set, so 'script-src' is used as a fallback. The policy is report-only, so the violation has been logged but no further action has been taken. @ https://www.canva.com/gtg/gtm.js?id=GTM-TZPTKRR&l=dataLayer:374
[   38458ms] [INFO] Executing inline script violates the following Content Security Policy directive 'script-src 'none''. Either the 'unsafe-inline' keyword, a hash ('sha256-f+LawOah9yVtiYvE/fjH0CexrFa9TnRMc5QW2wKVVhI='), or a nonce ('nonce-...') is required to enable inline execution. The policy is report-only, so the violation has been logged but no further action has been taken. @ https://www.canva.com/gtg/gtm.js?id=GTM-TZPTKRR&l=dataLayer:936
[   38459ms] [INFO] Loading the script 'https://cdnjs.cloudflare.com/ajax/libs/crypto-js/4.0.0/crypto-js.min.js' violates the following Content Security Policy directive: "script-src 'none'". Note that 'script-src-elem' was not explicitly set, so 'script-src' is used as a fallback. The policy is report-only, so the violation has been logged but no further action has been taken. @ :0
[   38463ms] [INFO] Evaluating a string as JavaScript violates the following Content Security Policy directive because 'unsafe-eval' is not an allowed source of script: "script-src 'none'".
 The policy is report-only, so the violation has been logged but no further action has been taken. @ https://www.canva.com/gtg/gtm.js?id=GTM-TZPTKRR&l=dataLayer:4
[   38467ms] [INFO] Evaluating a string as JavaScript violates the following Content Security Policy directive because 'unsafe-eval' is not an allowed source of script: "script-src 'none'".
 The policy is report-only, so the violation has been logged but no further action has been taken. @ https://www.canva.com/gtg/gtm.js?id=GTM-TZPTKRR&l=dataLayer:4
[   38470ms] [INFO] Executing inline script violates the following Content Security Policy directive 'script-src 'none''. Either the 'unsafe-inline' keyword, a hash ('sha256-v7G99WxRkVAu7XMMZlGxbHWCigauHzm0LHkkd39kUUQ='), or a nonce ('nonce-...') is required to enable inline execution. The policy is report-only, so the violation has been logged but no further action has been taken. @ https://www.canva.com/gtg/gtm.js?id=GTM-TZPTKRR&l=dataLayer:936
[   38471ms] [INFO] Executing inline script violates the following Content Security Policy directive 'script-src 'none''. Either the 'unsafe-inline' keyword, a hash ('sha256-atg6bmvEtFEv5j3Wi61l5HDque/PR5kejdazVAPVOSo='), or a nonce ('nonce-...') is required to enable inline execution. The policy is report-only, so the violation has been logged but no further action has been taken. @ https://www.canva.com/gtg/gtm.js?id=GTM-TZPTKRR&l=dataLayer:936
[   38472ms] [INFO] Executing inline script violates the following Content Security Policy directive 'script-src 'none''. Either the 'unsafe-inline' keyword, a hash ('sha256-9RXuSSIq0+TtivLRQT11Ai6hvkpYAiqASnZy7izF5xc='), or a nonce ('nonce-...') is required to enable inline execution. The policy is report-only, so the violation has been logged but no further action has been taken. @ https://www.canva.com/gtg/gtm.js?id=GTM-TZPTKRR&l=dataLayer:936
[   38473ms] [INFO] Executing inline script violates the following Content Security Policy directive 'script-src 'none''. Either the 'unsafe-inline' keyword, a hash ('sha256-W1zoSWw/th2mZq5jxG7LTJVMxaItx10Jg0bD3ns2vtw='), or a nonce ('nonce-...') is required to enable inline execution. The policy is report-only, so the violation has been logged but no further action has been taken. @ https://www.canva.com/gtg/gtm.js?id=GTM-TZPTKRR&l=dataLayer:936
[   38476ms] [INFO] Evaluating a string as JavaScript violates the following Content Security Policy directive because 'unsafe-eval' is not an allowed source of script: "script-src 'none'".
 The policy is report-only, so the violation has been logged but no further action has been taken. @ https://www.canva.com/gtg/gtm.js?id=GTM-TZPTKRR&l=dataLayer:4
[   38481ms] [INFO] Evaluating a string as JavaScript violates the following Content Security Policy directive because 'unsafe-eval' is not an allowed source of script: "script-src 'none'".
 The policy is report-only, so the violation has been logged but no further action has been taken. @ https://www.canva.com/gtg/gtm.js?id=GTM-TZPTKRR&l=dataLayer:4
[   38485ms] [INFO] Evaluating a string as JavaScript violates the following Content Security Policy directive because 'unsafe-eval' is not an allowed source of script: "script-src 'none'".
 The policy is report-only, so the violation has been logged but no further action has been taken. @ https://www.canva.com/gtg/gtm.js?id=GTM-TZPTKRR&l=dataLayer:4
[   38490ms] [INFO] Loading the script 'https://connect.facebook.net/en_US/fbevents.js' violates the following Content Security Policy directive: "script-src 'none'". Note that 'script-src-elem' was not explicitly set, so 'script-src' is used as a fallback. The policy is report-only, so the violation has been logged but no further action has been taken. @ https://www.canva.com/gtg/gtm.js?id=GTM-TZPTKRR&l=dataLayer:374
[   38494ms] [INFO] Evaluating a string as JavaScript violates the following Content Security Policy directive because 'unsafe-eval' is not an allowed source of script: "script-src 'none'".
 The policy is report-only, so the violation has been logged but no further action has been taken. @ https://www.canva.com/gtg/gtm.js?id=GTM-TZPTKRR&l=dataLayer:4
[   38495ms] [INFO] Evaluating a string as JavaScript violates the following Content Security Policy directive because 'unsafe-eval' is not an allowed source of script: "script-src 'none'".
 The policy is report-only, so the violation has been logged but no further action has been taken. @ https://www.canva.com/gtg/gtm.js?id=GTM-TZPTKRR&l=dataLayer:4
[   38495ms] [INFO] Evaluating a string as JavaScript violates the following Content Security Policy directive because 'unsafe-eval' is not an allowed source of script: "script-src 'none'".
 The policy is report-only, so the violation has been logged but no further action has been taken. @ https://www.canva.com/gtg/gtm.js?id=GTM-TZPTKRR&l=dataLayer:4
[   38496ms] [INFO] Evaluating a string as JavaScript violates the following Content Security Policy directive because 'unsafe-eval' is not an allowed source of script: "script-src 'none'".
 The policy is report-only, so the violation has been logged but no further action has been taken. @ https://www.canva.com/gtg/gtm.js?id=GTM-TZPTKRR&l=dataLayer:4
[   38496ms] [INFO] Evaluating a string as JavaScript violates the following Content Security Policy directive because 'unsafe-eval' is not an allowed source of script: "script-src 'none'".
 The policy is report-only, so the violation has been logged but no further action has been taken. @ https://www.canva.com/gtg/gtm.js?id=GTM-TZPTKRR&l=dataLayer:4
[   38497ms] [INFO] Evaluating a string as JavaScript violates the following Content Security Policy directive because 'unsafe-eval' is not an allowed source of script: "script-src 'none'".
 The policy is report-only, so the violation has been logged but no further action has been taken. @ https://www.canva.com/gtg/gtm.js?id=GTM-TZPTKRR&l=dataLayer:4
[   38497ms] [INFO] Evaluating a string as JavaScript violates the following Content Security Policy directive because 'unsafe-eval' is not an allowed source of script: "script-src 'none'".
 The policy is report-only, so the violation has been logged but no further action has been taken. @ https://www.canva.com/gtg/gtm.js?id=GTM-TZPTKRR&l=dataLayer:4
[   38499ms] [INFO] Evaluating a string as JavaScript violates the following Content Security Policy directive because 'unsafe-eval' is not an allowed source of script: "script-src 'none'".
 The policy is report-only, so the violation has been logged but no further action has been taken. @ https://www.canva.com/gtg/gtm.js?id=GTM-TZPTKRR&l=dataLayer:4
[   38499ms] [INFO] Evaluating a string as JavaScript violates the following Content Security Policy directive because 'unsafe-eval' is not an allowed source of script: "script-src 'none'".
 The policy is report-only, so the violation has been logged but no further action has been taken. @ https://www.canva.com/gtg/gtm.js?id=GTM-TZPTKRR&l=dataLayer:4
[   38500ms] [INFO] Evaluating a string as JavaScript violates the following Content Security Policy directive because 'unsafe-eval' is not an allowed source of script: "script-src 'none'".
 The policy is report-only, so the violation has been logged but no further action has been taken. @ https://www.canva.com/gtg/gtm.js?id=GTM-TZPTKRR&l=dataLayer:4
[   38501ms] [INFO] Evaluating a string as JavaScript violates the following Content Security Policy directive because 'unsafe-eval' is not an allowed source of script: "script-src 'none'".
 The policy is report-only, so the violation has been logged but no further action has been taken. @ https://www.canva.com/gtg/gtm.js?id=GTM-TZPTKRR&l=dataLayer:4
[   38501ms] [INFO] Evaluating a string as JavaScript violates the following Content Security Policy directive because 'unsafe-eval' is not an allowed source of script: "script-src 'none'".
 The policy is report-only, so the violation has been logged but no further action has been taken. @ https://www.canva.com/gtg/gtm.js?id=GTM-TZPTKRR&l=dataLayer:4
[   38502ms] [INFO] Evaluating a string as JavaScript violates the following Content Security Policy directive because 'unsafe-eval' is not an allowed source of script: "script-src 'none'".
 The policy is report-only, so the violation has been logged but no further action has been taken. @ https://www.canva.com/gtg/gtm.js?id=GTM-TZPTKRR&l=dataLayer:4
[   38502ms] [INFO] Evaluating a string as JavaScript violates the following Content Security Policy directive because 'unsafe-eval' is not an allowed source of script: "script-src 'none'".
 The policy is report-only, so the violation has been logged but no further action has been taken. @ https://www.canva.com/gtg/gtm.js?id=GTM-TZPTKRR&l=dataLayer:4
[   38502ms] [INFO] Evaluating a string as JavaScript violates the following Content Security Policy directive because 'unsafe-eval' is not an allowed source of script: "script-src 'none'".
 The policy is report-only, so the violation has been logged but no further action has been taken. @ https://www.canva.com/gtg/gtm.js?id=GTM-TZPTKRR&l=dataLayer:4
[   38503ms] [INFO] Evaluating a string as JavaScript violates the following Content Security Policy directive because 'unsafe-eval' is not an allowed source of script: "script-src 'none'".
 The policy is report-only, so the violation has been logged but no further action has been taken. @ https://www.canva.com/gtg/gtm.js?id=GTM-TZPTKRR&l=dataLayer:4
[   38503ms] [INFO] Evaluating a string as JavaScript violates the following Content Security Policy directive because 'unsafe-eval' is not an allowed source of script: "script-src 'none'".
 The policy is report-only, so the violation has been logged but no further action has been taken. @ https://www.canva.com/gtg/gtm.js?id=GTM-TZPTKRR&l=dataLayer:4
[   38504ms] [INFO] Evaluating a string as JavaScript violates the following Content Security Policy directive because 'unsafe-eval' is not an allowed source of script: "script-src 'none'".
 The policy is report-only, so the violation has been logged but no further action has been taken. @ https://www.canva.com/gtg/gtm.js?id=GTM-TZPTKRR&l=dataLayer:4
[   38504ms] [INFO] Evaluating a string as JavaScript violates the following Content Security Policy directive because 'unsafe-eval' is not an allowed source of script: "script-src 'none'".
 The policy is report-only, so the violation has been logged but no further action has been taken. @ https://www.canva.com/gtg/gtm.js?id=GTM-TZPTKRR&l=dataLayer:4
[   38505ms] [INFO] Evaluating a string as JavaScript violates the following Content Security Policy directive because 'unsafe-eval' is not an allowed source of script: "script-src 'none'".
 The policy is report-only, so the violation has been logged but no further action has been taken. @ https://www.canva.com/gtg/gtm.js?id=GTM-TZPTKRR&l=dataLayer:4
[   38506ms] [INFO] Executing inline script violates the following Content Security Policy directive 'script-src 'none''. Either the 'unsafe-inline' keyword, a hash ('sha256-be2btJEAMPWiCfJsx9JbnLEWp9t0jvoPV3+dXUp7/JQ='), or a nonce ('nonce-...') is required to enable inline execution. The policy is report-only, so the violation has been logged but no further action has been taken. @ https://www.canva.com/gtg/gtm.js?id=GTM-TZPTKRR&l=dataLayer:936
[   38508ms] [INFO] Evaluating a string as JavaScript violates the following Content Security Policy directive because 'unsafe-eval' is not an allowed source of script: "script-src 'none'".
 The policy is report-only, so the violation has been logged but no further action has been taken. @ https://www.canva.com/gtg/gtm.js?id=GTM-TZPTKRR&l=dataLayer:4
[   38513ms] [INFO] Evaluating a string as JavaScript violates the following Content Security Policy directive because 'unsafe-eval' is not an allowed source of script: "script-src 'none'".
 The policy is report-only, so the violation has been logged but no further action has been taken. @ https://www.canva.com/gtg/gtm.js?id=GTM-TZPTKRR&l=dataLayer:4
[   38532ms] [INFO] Connecting to 'https://sdk.iad-01.braze.com/api/v3/data/' violates the following Content Security Policy directive: "connect-src 'none'". The policy is report-only, so the violation has been logged but no further action has been taken. @ https://static.canva.com/web/c688833c9c362b5c.sentry_browser.js:0
[   38533ms] [INFO] Loading the script 'https://static.canva.com/web/f421bac798b5a5bb.vendor.js' violates the following Content Security Policy directive: "script-src 'none'". Note that 'script-src-elem' was not explicitly set, so 'script-src' is used as a fallback. The policy is report-only, so the violation has been logged but no further action has been taken. @ https://static.canva.com/web/2e96e3acb8477bbc.runtime.js:0
[   38584ms] [INFO] Loading the script 'https://connect.facebook.net/signals/config/844585682227065?v=2.9.297&r=stable&domain=www.canva.com&hme=c048e760b3fdc0fbdc117d7607b2c36e13eff2660c515ac72e86dac5ba060bb9&ex_m=104%2C205%2C154%2C22%2C72%2C73%2C145%2C68%2C67%2C11%2C162%2C90%2C16%2C138%2C127%2C39%2C75%2C78%2C134%2C159%2C164%2C8%2C4%2C5%2C7%2C6%2C3%2C91%2C101%2C165%2C170%2C219%2C62%2C186%2C187%2C55%2C277%2C30%2C74%2C231%2C230%2C229%2C23%2C33%2C103%2C61%2C10%2C63%2C97%2C98%2C99%2C105%2C130%2C31%2C29%2C132%2C133%2C129%2C128%2C155%2C76%2C158%2C156%...19%2C69%2C36%2C149%2C148%2C150%2C141%2C139%2C25%2C35%2C59%2C109%2C160%2C70%2C17%2C152%2C114%2C81%2C66%2C19%2C85%2C86%2C116%2C84%2C136%2C135%2C34%2C279%2C294%2C212%2C201%2C202%2C200%2C297%2C289%2C52%2C213%2C107%2C131%2C80%2C121%2C54%2C47%2C49%2C113%2C120%2C126%2C58%2C64%2C151%2C115%2C37%2C32%2C53%2C56%2C100%2C163%2C1%2C124%2C14%2C122%2C12%2C2%2C57%2C93%2C65%2C118%2C89%2C88%2C166%2C167%2C94%2C95%2C9%2C125%2C102%2C51%2C142%2C87%2C79%2C71%2C117%2C106%2C43%2C143%2C0%2C82%2C137%2C140%2C153%2C38%2C108%2C13%2C168' violates the following Content Security Policy directive: "script-src 'none'". Note that 'script-src-elem' was not explicitly set, so 'script-src' is used as a fallback. The policy is report-only, so the violation has been logged but no further action has been taken. @ https://connect.facebook.net/en_US/fbevents.js:175
[   38616ms] [INFO] Connecting to 'https://www.canva.com/_ajax/ae/v2/createBatch' violates the following Content Security Policy directive: "connect-src 'none'". The policy is report-only, so the violation has been logged but no further action has been taken. @ https://static.canva.com/web/c688833c9c362b5c.sentry_browser.js:0
[   38619ms] [INFO] Loading the script 'https://static.canva.com/web/7496965db0840594.js' violates the following Content Security Policy directive: "script-src 'none'". Note that 'script-src-elem' was not explicitly set, so 'script-src' is used as a fallback. The policy is report-only, so the violation has been logged but no further action has been taken. @ https://static.canva.com/web/2e96e3acb8477bbc.runtime.js:0
[   38832ms] [ERROR] Attestation check for Attribution Reporting on https://www.facebook.com failed. @ https://www.canva.com/:0
[   38833ms] [ERROR] Attestation check for Attribution Reporting on https://www.facebook.com failed. @ https://www.canva.com/:0
[   38980ms] [INFO] Connecting to 'https://ct.canva.com/g/collect?v=2&tid=G-EPWEMH6717&gtm=45g92e6481v872399471z8812729902za20kzb812729902zd812729902&_p=1776062005553&gcd=13l3l3l3l1l1&npa=0&dma=0&ecid=1508517034&_eu=AAAAAAQ&are=1&cid=1132883737.1776061972&ec_mode=c&frm=0&pscdl=noapi&rcb=12&sr=1536x864&uaa=x86&uab=64&uafvl=Chromium%3B146.0.7680.178%7CNot-A.Brand%3B24.0.0.0%7CGoogle%2520Chrome%3B146.0.7680.178&uam=&uamb=0&uap=Windows&uapv=19.0.0&uaw=0&ul=pt-br&ur=BR-AC&sst.etld=google.com.br&sst.tft=1776062005553&sst.lpc=174464048&sst.navt=n&...om_dicbo=not%20set&ep.custom_consent_gtm_outbrain=yes&ep.custom_consent_gtm_fpc_rtid=yes&epn.custom_data_newSession2=0&ep.custom_device_category=desktop&ep.custom_event_name=homepage&ep.custom_quantity=0&ep.custom_step=not%20set&ep.custom_user_type_by_user_id=member&ep.event_action=visit&ep.custom_product_variant=web-2&ep.custom_userid=UAERNHTifA0&ep.custom_country_code=BR&ep.custom_app_name=web&_et=5&ep.user_data._tag_mode=MANUAL&up.custom_user_id=UAERNHTifA0&up.custom_country_code=BR&tfd=1331&richsstsse' violates the following Content Security Policy directive: "connect-src 'none'". The policy is report-only, so the violation has been logged but no further action has been taken. @ https://static.canva.com/web/c688833c9c362b5c.sentry_browser.js:0
[   38981ms] [INFO] Connecting to 'https://ct.canva.com/g/collect?v=2&tid=G-EPWEMH6717&gtm=45g92e6481v872399471z8812729902za20kzb812729902zd812729902&_p=1776062005553&gcd=13l3l3l3l1l1&npa=0&dma=0&ecid=1508517034&_eu=AAAAAAQ&are=1&cid=1132883737.1776061972&ec_mode=c&frm=0&pscdl=noapi&rcb=12&sr=1536x864&uaa=x86&uab=64&uafvl=Chromium%3B146.0.7680.178%7CNot-A.Brand%3B24.0.0.0%7CGoogle%2520Chrome%3B146.0.7680.178&uam=&uamb=0&uap=Windows&uapv=19.0.0&uaw=0&ul=pt-br&ur=BR-AC&sst.etld=google.com.br&sst.tft=1776062005553&sst.lpc=174464048&sst.navt=n&...om_dicbo=not%20set&ep.custom_consent_gtm_outbrain=yes&ep.custom_consent_gtm_fpc_rtid=yes&epn.custom_data_newSession2=0&ep.custom_device_category=desktop&ep.custom_event_name=homepage&ep.custom_quantity=0&ep.custom_step=not%20set&ep.custom_user_type_by_user_id=member&ep.event_action=visit&ep.custom_product_variant=web-2&ep.custom_userid=UAERNHTifA0&ep.custom_country_code=BR&ep.custom_app_name=web&_et=5&ep.user_data._tag_mode=MANUAL&up.custom_user_id=UAERNHTifA0&up.custom_country_code=BR&tfd=1331&richsstsse' violates the following Content Security Policy directive: "connect-src 'none'". The policy is report-only, so the violation has been logged but no further action has been taken. @ https://static.canva.com/web/c688833c9c362b5c.sentry_browser.js:0
[   38985ms] [INFO] Evaluating a string as JavaScript violates the following Content Security Policy directive because 'unsafe-eval' is not an allowed source of script: "script-src 'none'".
 The policy is report-only, so the violation has been logged but no further action has been taken. @ https://www.canva.com/gtg/gtm.js?id=GTM-TZPTKRR&l=dataLayer:4
[   38991ms] [INFO] Connecting to 'https://ct.canva.com/g/collect?v=2&tid=G-EPWEMH6717&gtm=45g92e6481v872399471za20kzb812729902zd812729902&_p=1776062005553&gcd=13l3l3l3l1l1&npa=0&dma=0&gdid=dNzQzZD&ecid=1508517034&_eu=AEAAAAQ&ae=a&are=1&cid=1132883737.1776061972&ec_mode=c&frm=0&pscdl=noapi&rcb=12&sr=1536x864&uaa=x86&uab=64&uafvl=Chromium%3B146.0.7680.178%7CNot-A.Brand%3B24.0.0.0%7CGoogle%2520Chrome%3B146.0.7680.178&uam=&uamb=0&uap=Windows&uapv=19.0.0&uaw=0&ul=pt-br&ur=BR-AC&sst.etld=google.com.br&sst.tft=1776062005553&sst.sp=1&sst.em_event=...1776061972&sct=1&seg=1&_tu=BA&en=scroll&gap.gtb=2&ep.gtm_web_details=GTM-TZPTKRR%20%7C%20348&ep.event_id=1776062812724_17760623286832&ep.custom_dicbo=not%20set&ep.custom_consent_gtm_outbrain=no&ep.custom_consent_gtm_fpc_rtid=no&epn.custom_data_newSession2=0&ep.custom_device_category=desktop&ep.custom_event_name=gtm.init&ep.custom_quantity=0&ep.custom_step=not%20set&ep.custom_user_type_by_user_id=guest&ep.event_action=no-value&epn.percent_scrolled=90&_et=33&ep.user_data._tag_mode=MANUAL&tfd=1365&richsstsse' violates the following Content Security Policy directive: "connect-src 'none'". The policy is report-only, so the violation has been logged but no further action has been taken. @ https://static.canva.com/web/c688833c9c362b5c.sentry_browser.js:0
[   38992ms] [INFO] Connecting to 'https://ct.canva.com/g/collect?v=2&tid=G-EPWEMH6717&gtm=45g92e6481v872399471za20kzb812729902zd812729902&_p=1776062005553&gcd=13l3l3l3l1l1&npa=0&dma=0&gdid=dNzQzZD&ecid=1508517034&_eu=AEAAAAQ&ae=a&are=1&cid=1132883737.1776061972&ec_mode=c&frm=0&pscdl=noapi&rcb=12&sr=1536x864&uaa=x86&uab=64&uafvl=Chromium%3B146.0.7680.178%7CNot-A.Brand%3B24.0.0.0%7CGoogle%2520Chrome%3B146.0.7680.178&uam=&uamb=0&uap=Windows&uapv=19.0.0&uaw=0&ul=pt-br&ur=BR-AC&sst.etld=google.com.br&sst.tft=1776062005553&sst.sp=1&sst.em_event=...1776061972&sct=1&seg=1&_tu=BA&en=scroll&gap.gtb=2&ep.gtm_web_details=GTM-TZPTKRR%20%7C%20348&ep.event_id=1776062812724_17760623286832&ep.custom_dicbo=not%20set&ep.custom_consent_gtm_outbrain=no&ep.custom_consent_gtm_fpc_rtid=no&epn.custom_data_newSession2=0&ep.custom_device_category=desktop&ep.custom_event_name=gtm.init&ep.custom_quantity=0&ep.custom_step=not%20set&ep.custom_user_type_by_user_id=guest&ep.event_action=no-value&epn.percent_scrolled=90&_et=33&ep.user_data._tag_mode=MANUAL&tfd=1365&richsstsse' violates the following Content Security Policy directive: "connect-src 'none'". The policy is report-only, so the violation has been logged but no further action has been taken. @ https://static.canva.com/web/c688833c9c362b5c.sentry_browser.js:0
[   39000ms] [INFO] Evaluating a string as JavaScript violates the following Content Security Policy directive because 'unsafe-eval' is not an allowed source of script: "script-src 'none'".
 The policy is report-only, so the violation has been logged but no further action has been taken. @ https://www.canva.com/gtg/gtm.js?id=GTM-TZPTKRR&l=dataLayer:4
[   39006ms] [INFO] Connecting to 'https://www.canva.com/cdn-cgi/rum?' violates the following Content Security Policy directive: "connect-src 'none'". The policy is report-only, so the violation has been logged but no further action has been taken. @ https://static.canva.com/web/c688833c9c362b5c.sentry_browser.js:0
[   39007ms] [INFO] Evaluating a string as JavaScript violates the following Content Security Policy directive because 'unsafe-eval' is not an allowed source of script: "script-src 'none'".
 The policy is report-only, so the violation has been logged but no further action has been taken. @ https://www.canva.com/gtg/gtm.js?id=GTM-TZPTKRR&l=dataLayer:4
[   39010ms] [INFO] Loading the script 'https://snap.licdn.com/li.lms-analytics/insight.min.js' violates the following Content Security Policy directive: "script-src 'none'". Note that 'script-src-elem' was not explicitly set, so 'script-src' is used as a fallback. The policy is report-only, so the violation has been logged but no further action has been taken. @ https://www.canva.com/gtg/gtm.js?id=GTM-TZPTKRR&l=dataLayer:374
[   39011ms] [INFO] Loading the script 'https://bat.bing.com/bat.js' violates the following Content Security Policy directive: "script-src 'none'". Note that 'script-src-elem' was not explicitly set, so 'script-src' is used as a fallback. The policy is report-only, so the violation has been logged but no further action has been taken. @ https://www.canva.com/gtg/gtm.js?id=GTM-TZPTKRR&l=dataLayer:374
[   39019ms] [INFO] Evaluating a string as JavaScript violates the following Content Security Policy directive because 'unsafe-eval' is not an allowed source of script: "script-src 'none'".
 The policy is report-only, so the violation has been logged but no further action has been taken. @ https://www.canva.com/gtg/gtm.js?id=GTM-TZPTKRR&l=dataLayer:4
[   39019ms] [INFO] Evaluating a string as JavaScript violates the following Content Security Policy directive because 'unsafe-eval' is not an allowed source of script: "script-src 'none'".
 The policy is report-only, so the violation has been logged but no further action has been taken. @ https://www.canva.com/gtg/gtm.js?id=GTM-TZPTKRR&l=dataLayer:4
[   39020ms] [INFO] Executing inline script violates the following Content Security Policy directive 'script-src 'none''. Either the 'unsafe-inline' keyword, a hash ('sha256-rE3hvkkOS6ufnK++CUoorj4Vp4dRi1lzZR1vC/ixp9k='), or a nonce ('nonce-...') is required to enable inline execution. The policy is report-only, so the violation has been logged but no further action has been taken. @ https://www.canva.com/gtg/gtm.js?id=GTM-TZPTKRR&l=dataLayer:936
[   39020ms] [INFO] Evaluating a string as JavaScript violates the following Content Security Policy directive because 'unsafe-eval' is not an allowed source of script: "script-src 'none'".
 The policy is report-only, so the violation has been logged but no further action has been taken. @ https://www.canva.com/gtg/gtm.js?id=GTM-TZPTKRR&l=dataLayer:4
[   39020ms] [INFO] Evaluating a string as JavaScript violates the following Content Security Policy directive because 'unsafe-eval' is not an allowed source of script: "script-src 'none'".
 The policy is report-only, so the violation has been logged but no further action has been taken. @ https://www.canva.com/gtg/gtm.js?id=GTM-TZPTKRR&l=dataLayer:4
[   39021ms] [INFO] Executing inline script violates the following Content Security Policy directive 'script-src 'none''. Either the 'unsafe-inline' keyword, a hash ('sha256-YvF/W4qAyzItB2mGd5mnXV/KXIwCF7QKZLEbo2VJjE8='), or a nonce ('nonce-...') is required to enable inline execution. The policy is report-only, so the violation has been logged but no further action has been taken. @ https://www.canva.com/gtg/gtm.js?id=GTM-TZPTKRR&l=dataLayer:936
[   39035ms] [INFO] Connecting to 'https://px.ads.linkedin.com/attribution_trigger?pid=574836&time=1776062006193&url=https%3A%2F%2Fwww.canva.com%2F' violates the following Content Security Policy directive: "connect-src 'none'". The policy is report-only, so the violation has been logged but no further action has been taken. @ https://static.canva.com/web/c688833c9c362b5c.sentry_browser.js:0
[   39043ms] [INFO] Loading the script 'https://bat.bing.com/p/action/56000504.js' violates the following Content Security Policy directive: "script-src 'none'". Note that 'script-src-elem' was not explicitly set, so 'script-src' is used as a fallback. The policy is report-only, so the violation has been logged but no further action has been taken. @ https://bat.bing.com/bat.js:0
[   39230ms] [ERROR] Attestation check for Attribution Reporting on https://www.facebook.com failed. @ https://www.canva.com/:0
[   39286ms] [INFO] Connecting to 'https://www.googleadservices.com/pagead/conversion/804757079/?random=247372476&fst=1776061999981&cv=10&fmt=7&label=5VqLCKW6taoBENe83v8C&bg=ffffff&guid=ON&u_w=1536&u_h=864&gtm=45g91e6481v872399471z8812729902z9848341198za20kzb812729902zd812729902&rdp=1&dma=0&npa=0&gcd=13l3l3l3l1l1&uaa=x86&uab=64&uafvl=Chromium%3B146.0.7680.178%7CNot-A.Brand%3B24.0.0.0%7CGoogle%2520Chrome%3B146.0.7680.178&uamb=0&uam=&uap=Windows&uapv=19.0.0&uaw=0&pscdl=noapi&url=https%3A%2F%2Fwww.canva.com%2F&ref=https%3A%2F%2Fwww.canva.com%2...ain%3Dyes%3Bcustom_consent_gtm_fpc_rtid%3Dyes%3Bcustom_data_newSession2%3D%3Bcustom_device_category%3Ddesktop%3Bcustom_event_name%3Dhomepage%3Bcustom_quantity%3D0%3Bcustom_step%3Dnot%20set%3Bcustom_user_type_by_user_id%3Dmember%3Bevent_action%3Dvisit%3Bcustom_product_variant%3Dweb-2%3Bcustom_userid%3DUAERNHTifA0%3Bcustom_country_code%3DBR%3Bcustom_app_name%3Dweb&bttype=purchase&ec_mode=c&mt=2&uip=131.221.85.0&tag_exp=0~115616985~115938466~115938468~117704210~118128923&_tu=BA&gap.gtb=2&s3p=1&_is_sw=f15s0t2' violates the following Content Security Policy directive: "connect-src 'none'". The policy is report-only, so the violation has been logged but no further action has been taken. @ https://static.canva.com/web/c688833c9c362b5c.sentry_browser.js:0
[   39286ms] [INFO] Connecting to 'https://www.googleadservices.com/pagead/conversion/804757079/?random=247372476&fst=1776061999981&cv=10&fmt=7&label=5VqLCKW6taoBENe83v8C&bg=ffffff&guid=ON&u_w=1536&u_h=864&gtm=45g91e6481v872399471z8812729902z9848341198za20kzb812729902zd812729902&rdp=1&dma=0&npa=0&gcd=13l3l3l3l1l1&uaa=x86&uab=64&uafvl=Chromium%3B146.0.7680.178%7CNot-A.Brand%3B24.0.0.0%7CGoogle%2520Chrome%3B146.0.7680.178&uamb=0&uam=&uap=Windows&uapv=19.0.0&uaw=0&pscdl=noapi&url=https%3A%2F%2Fwww.canva.com%2F&ref=https%3A%2F%2Fwww.canva.com%2...ain%3Dyes%3Bcustom_consent_gtm_fpc_rtid%3Dyes%3Bcustom_data_newSession2%3D%3Bcustom_device_category%3Ddesktop%3Bcustom_event_name%3Dhomepage%3Bcustom_quantity%3D0%3Bcustom_step%3Dnot%20set%3Bcustom_user_type_by_user_id%3Dmember%3Bevent_action%3Dvisit%3Bcustom_product_variant%3Dweb-2%3Bcustom_userid%3DUAERNHTifA0%3Bcustom_country_code%3DBR%3Bcustom_app_name%3Dweb&bttype=purchase&ec_mode=c&mt=2&uip=131.221.85.0&tag_exp=0~115616985~115938466~115938468~117704210~118128923&_tu=BA&gap.gtb=2&s3p=1&_is_sw=f15s0t2' violates the following Content Security Policy directive: "connect-src 'none'". The policy is report-only, so the violation has been logged but no further action has been taken. @ https://static.canva.com/web/c688833c9c362b5c.sentry_browser.js:0
[   39287ms] [INFO] Connecting to 'https://www.googleadservices.com/pagead/conversion/804757079/?random=247372476&fst=1776061999981&cv=10&fmt=7&label=5VqLCKW6taoBENe83v8C&bg=ffffff&guid=ON&u_w=1536&u_h=864&gtm=45g91e6481v872399471z8812729902z9848341198za20kzb812729902zd812729902&rdp=1&dma=0&npa=0&gcd=13l3l3l3l1l1&uaa=x86&uab=64&uafvl=Chromium%3B146.0.7680.178%7CNot-A.Brand%3B24.0.0.0%7CGoogle%2520Chrome%3B146.0.7680.178&uamb=0&uam=&uap=Windows&uapv=19.0.0&uaw=0&pscdl=noapi&url=https%3A%2F%2Fwww.canva.com%2F&ref=https%3A%2F%2Fwww.canva.com%2...s%3Bcustom_consent_gtm_fpc_rtid%3Dyes%3Bcustom_data_newSession2%3D%3Bcustom_device_category%3Ddesktop%3Bcustom_event_name%3Dhomepage%3Bcustom_quantity%3D0%3Bcustom_step%3Dnot%20set%3Bcustom_user_type_by_user_id%3Dmember%3Bevent_action%3Dvisit%3Bcustom_product_variant%3Dweb-2%3Bcustom_userid%3DUAERNHTifA0%3Bcustom_country_code%3DBR%3Bcustom_app_name%3Dweb&bttype=purchase&ec_mode=c&mt=1&value=0&uip=131.221.85.0&tag_exp=0~115616985~115938466~115938468~117704210~118128923&_tu=BA&gap.gtb=2&s3p=1&_is_sw=f15s0t2' violates the following Content Security Policy directive: "connect-src 'none'". The policy is report-only, so the violation has been logged but no further action has been taken. @ https://static.canva.com/web/c688833c9c362b5c.sentry_browser.js:0
[   39287ms] [INFO] Connecting to 'https://www.googleadservices.com/pagead/conversion/804757079/?random=247372476&fst=1776061999981&cv=10&fmt=7&label=5VqLCKW6taoBENe83v8C&bg=ffffff&guid=ON&u_w=1536&u_h=864&gtm=45g91e6481v872399471z8812729902z9848341198za20kzb812729902zd812729902&rdp=1&dma=0&npa=0&gcd=13l3l3l3l1l1&uaa=x86&uab=64&uafvl=Chromium%3B146.0.7680.178%7CNot-A.Brand%3B24.0.0.0%7CGoogle%2520Chrome%3B146.0.7680.178&uamb=0&uam=&uap=Windows&uapv=19.0.0&uaw=0&pscdl=noapi&url=https%3A%2F%2Fwww.canva.com%2F&ref=https%3A%2F%2Fwww.canva.com%2...s%3Bcustom_consent_gtm_fpc_rtid%3Dyes%3Bcustom_data_newSession2%3D%3Bcustom_device_category%3Ddesktop%3Bcustom_event_name%3Dhomepage%3Bcustom_quantity%3D0%3Bcustom_step%3Dnot%20set%3Bcustom_user_type_by_user_id%3Dmember%3Bevent_action%3Dvisit%3Bcustom_product_variant%3Dweb-2%3Bcustom_userid%3DUAERNHTifA0%3Bcustom_country_code%3DBR%3Bcustom_app_name%3Dweb&bttype=purchase&ec_mode=c&mt=1&value=0&uip=131.221.85.0&tag_exp=0~115616985~115938466~115938468~117704210~118128923&_tu=BA&gap.gtb=2&s3p=1&_is_sw=f15s0t2' violates the following Content Security Policy directive: "connect-src 'none'". The policy is report-only, so the violation has been logged but no further action has been taken. @ https://static.canva.com/web/c688833c9c362b5c.sentry_browser.js:0
[   39683ms] [INFO] Connecting to 'https://googleads.g.doubleclick.net/pagead/viewthroughconversion/804757079/?random=404303403&fst=1776061999981&cv=10&fmt=8&label=5VqLCKW6taoBENe83v8C&bg=ffffff&guid=ON&u_w=1536&u_h=864&gtm=45g91e6481v872399471z8812729902z9848341198za20kzb812729902zd812729902&rdp=1&dma=0&npa=0&gcd=13l3l3l3l1l1&uaa=x86&uab=64&uafvl=Chromium%3B146.0.7680.178%7CNot-A.Brand%3B24.0.0.0%7CGoogle%2520Chrome%3B146.0.7680.178&uamb=0&uam=&uap=Windows&uapv=19.0.0&uaw=0&pscdl=noapi&url=https%3A%2F%2Fwww.canva.com%2F&ref=https%3A%2F%2Fw...2VaAwoBAWIDCgED&cerd=CgSO4b0t&eitems=ChEI8IXtzgYQwIXc56Caqb_GARIdAJSzf8wFzoDOzhS_uaaXjvvvDVfrczrwx1DETy0&fsk=ChAI8IXtzgYQwK7p24eszvMKEiwAtQZate1qXtuaK6w_1k04TMEkcxdGtBw5qH2QUp7G3eLGTqJ5F8pQJVGqkhoCkRo&pscrd=IhMIsL-JxZrqkwMVPqyVAh0f8hrRMgwIA2IICAAQABgAIAAyDAgEYggIABAAGAAgADIMCAdiCAgAEAAYACAAMgwICGIICAAQABgAIAAyDAgJYggIABAAGAAgADIMCApiCAgAEAAYACAAMgwIAmIICAAQABgAIAAyDAgLYggIABAAGAAgADIMCBViCAgAEAAYACAAMgwIH2IICAAQABgAIAAyDAgTYggIABAAGAAgADIMCBJiCAgAEAAYACAAOhZodHRwczovL3d3dy5jYW52YS5jb20vegwICWIICAAQABgAIAA' violates the following Content Security Policy directive: "connect-src 'none'". The policy is report-only, so the violation has been logged but no further action has been taken. @ https://static.canva.com/web/c688833c9c362b5c.sentry_browser.js:0
[   39684ms] [INFO] Connecting to 'https://googleads.g.doubleclick.net/pagead/viewthroughconversion/804757079/?random=404303403&fst=1776061999981&cv=10&fmt=8&label=5VqLCKW6taoBENe83v8C&bg=ffffff&guid=ON&u_w=1536&u_h=864&gtm=45g91e6481v872399471z8812729902z9848341198za20kzb812729902zd812729902&rdp=1&dma=0&npa=0&gcd=13l3l3l3l1l1&uaa=x86&uab=64&uafvl=Chromium%3B146.0.7680.178%7CNot-A.Brand%3B24.0.0.0%7CGoogle%2520Chrome%3B146.0.7680.178&uamb=0&uam=&uap=Windows&uapv=19.0.0&uaw=0&pscdl=noapi&url=https%3A%2F%2Fwww.canva.com%2F&ref=https%3A%2F%2Fw...2VaAwoBAWIDCgED&cerd=CgSO4b0t&eitems=ChEI8IXtzgYQwIXc56Caqb_GARIdAJSzf8wFzoDOzhS_uaaXjvvvDVfrczrwx1DETy0&fsk=ChAI8IXtzgYQwK7p24eszvMKEiwAtQZate1qXtuaK6w_1k04TMEkcxdGtBw5qH2QUp7G3eLGTqJ5F8pQJVGqkhoCkRo&pscrd=IhMIsL-JxZrqkwMVPqyVAh0f8hrRMgwIA2IICAAQABgAIAAyDAgEYggIABAAGAAgADIMCAdiCAgAEAAYACAAMgwICGIICAAQABgAIAAyDAgJYggIABAAGAAgADIMCApiCAgAEAAYACAAMgwIAmIICAAQABgAIAAyDAgLYggIABAAGAAgADIMCBViCAgAEAAYACAAMgwIH2IICAAQABgAIAAyDAgTYggIABAAGAAgADIMCBJiCAgAEAAYACAAOhZodHRwczovL3d3dy5jYW52YS5jb20vegwICWIICAAQABgAIAA' violates the following Content Security Policy directive: "connect-src 'none'". The policy is report-only, so the violation has been logged but no further action has been taken. @ https://static.canva.com/web/c688833c9c362b5c.sentry_browser.js:0
[   40130ms] [INFO] Connecting to 'https://www.google.com/pagead/1p-conversion/804757079/?random=404303403&fst=1776061999981&cv=10&fmt=8&label=5VqLCKW6taoBENe83v8C&bg=ffffff&guid=ON&u_w=1536&u_h=864&gtm=45g91e6481v872399471z8812729902z9848341198za20kzb812729902zd812729902&rdp=1&dma=0&npa=0&gcd=13l3l3l3l1l1&uaa=x86&uab=64&uafvl=Chromium%3B146.0.7680.178%7CNot-A.Brand%3B24.0.0.0%7CGoogle%2520Chrome%3B146.0.7680.178&uamb=0&uam=&uap=Windows&uapv=19.0.0&uaw=0&pscdl=noapi&url=https%3A%2F%2Fwww.canva.com%2F&ref=https%3A%2F%2Fwww.canva.com%2Fpt_br%...gIABAAGAAgADIMCBViCAgAEAAYACAAMgwIH2IICAAQABgAIAAyDAgTYggIABAAGAAgADIMCBJiCAgAEAAYACAAOhZodHRwczovL3d3dy5jYW52YS5jb20vegwICWIICAAQABgAIAA&is_vtc=1&vdi=1&cid=CAQSvgEABaugfQe5jbQgdDW8Go3tsqlBxlwmxdubj_Rq6Gf5miybekQPIEyFrgD0ie-i50lJZIrHijsPEXrvj08z4Bgqu0N0rZpXMgRPZvLQ0yz1cijJm8tZ8QVupO6H1X1Jlcsi2KLHm51c21kTSePt14ydGhIsViQqGZ2zhGkv3YpAsrMk1KPHVmeKaaD2TI-J2MvueyNr7-HaFmf_RterQS4_ed1QyloR-E-baMQ3C4kOP--ypmH1eZcLNB5igmOc&eitems=ChEI8IXtzgYQwIXc56Caqb_GARIdAJSzf8yw2khURdXqyQvinagFj8E_MC77Jhvek_8&random=1687429857' violates the following Content Security Policy directive: "connect-src 'none'". The policy is report-only, so the violation has been logged but no further action has been taken. @ https://www.canva.com/:0
[   40131ms] [INFO] Connecting to 'https://www.google.com.br/pagead/1p-conversion/804757079/?random=404303403&fst=1776061999981&cv=10&fmt=8&label=5VqLCKW6taoBENe83v8C&bg=ffffff&guid=ON&u_w=1536&u_h=864&gtm=45g91e6481v872399471z8812729902z9848341198za20kzb812729902zd812729902&rdp=1&dma=0&npa=0&gcd=13l3l3l3l1l1&uaa=x86&uab=64&uafvl=Chromium%3B146.0.7680.178%7CNot-A.Brand%3B24.0.0.0%7CGoogle%2520Chrome%3B146.0.7680.178&uamb=0&uam=&uap=Windows&uapv=19.0.0&uaw=0&pscdl=noapi&url=https%3A%2F%2Fwww.canva.com%2F&ref=https%3A%2F%2Fwww.canva.com%2Fpt_...EI8IXtzgYQwIXc56Caqb_GARIdAJSzf8yw2khURdXqyQvinagFj8E_MC77Jhvek_8&random=1687429857&ipr=y&pscrd=IhMIsL-JxZrqkwMVPqyVAh0f8hrRMgwIA2IICAAQABgAIAEyDAgEYggIABAAGAAgATIMCAdiCAgAEAAYACABMgwICGIICAAQABgAIAEyDAgJYggIABAAGAAgATIMCApiCAgAEAAYACABMgwIAmIICAAQABgAIAEyDAgLYggIABAAGAAgATIMCBViCAgAEAAYACABMgwIH2IICAAQABgAIAEyDAgTYggIABAAGAAgATIMCBJiCAgAEAAYACABOhZodHRwczovL3d3dy5jYW52YS5jb20vYgIgAXoMCAliCAgAEAAYACABggECcAE&ezwbk=AZuM4hB_Pm6Piyv5hY2fO_ENT3l9jnoJnXV_jvUL2mloQKTf_v-EeyW4ttx_OvHEj_hQXAx9VcxdMz9wehJaxvZkVQn_' violates the following Content Security Policy directive: "connect-src 'none'". The policy is report-only, so the violation has been logged but no further action has been taken. @ https://www.canva.com/:0
[   40356ms] [INFO] Evaluating a string as JavaScript violates the following Content Security Policy directive because 'unsafe-eval' is not an allowed source of script: "script-src 'none'".
 The policy is report-only, so the violation has been logged but no further action has been taken. @ https://www.canva.com/gtg/gtm.js?id=GTM-TZPTKRR&l=dataLayer:4
[   40584ms] [INFO] Connecting to 'https://ct.canva.com/g/collect?v=2&tid=G-EPWEMH6717&gtm=45g92e6481v872399471za20kzb812729902zd812729902&_p=1776062005553&gcd=13l3l3l3l1l1&npa=0&dma=0&gdid=dNzQzZD&ecid=1508517034&_eu=AAAAAAQ&are=1&cid=1132883737.1776061972&ec_mode=c&frm=0&pscdl=noapi&rcb=12&sr=1536x864&uaa=x86&uab=64&uafvl=Chromium%3B146.0.7680.178%7CNot-A.Brand%3B24.0.0.0%7CGoogle%2520Chrome%3B146.0.7680.178&uam=&uamb=0&uap=Windows&uapv=19.0.0&uaw=0&ul=pt-br&ur=BR-AC&sst.etld=google.com.br&sst.tft=1776062005553&sst.lpc=174464048&sst.navt=...ng...%20%7C%20Canva&sid=1776061972&sct=1&seg=1&_tu=BA&en=user_engagement&gap.gtb=2&ep.gtm_web_details=GTM-TZPTKRR%20%7C%20348&ep.event_id=1776062812724_17760623286832&ep.custom_dicbo=not%20set&ep.custom_consent_gtm_outbrain=no&ep.custom_consent_gtm_fpc_rtid=no&epn.custom_data_newSession2=0&ep.custom_device_category=desktop&ep.custom_event_name=gtm.init&ep.custom_quantity=0&ep.custom_step=not%20set&ep.custom_user_type_by_user_id=guest&ep.event_action=no-value&_et=1590&ep.user_data._tag_mode=MANUAL&tfd=2958' violates the following Content Security Policy directive: "connect-src 'none'". The policy is report-only, so the violation has been logged but no further action has been taken. @ https://static.canva.com/web/c688833c9c362b5c.sentry_browser.js:0
[   40585ms] [INFO] Connecting to 'https://ct.canva.com/g/collect?v=2&tid=G-EPWEMH6717&gtm=45g92e6481v872399471za20kzb812729902zd812729902&_p=1776062005553&gcd=13l3l3l3l1l1&npa=0&dma=0&gdid=dNzQzZD&ecid=1508517034&_eu=AAAAAAQ&are=1&cid=1132883737.1776061972&ec_mode=c&frm=0&pscdl=noapi&rcb=12&sr=1536x864&uaa=x86&uab=64&uafvl=Chromium%3B146.0.7680.178%7CNot-A.Brand%3B24.0.0.0%7CGoogle%2520Chrome%3B146.0.7680.178&uam=&uamb=0&uap=Windows&uapv=19.0.0&uaw=0&ul=pt-br&ur=BR-AC&sst.etld=google.com.br&sst.tft=1776062005553&sst.lpc=174464048&sst.navt=...ng...%20%7C%20Canva&sid=1776061972&sct=1&seg=1&_tu=BA&en=user_engagement&gap.gtb=2&ep.gtm_web_details=GTM-TZPTKRR%20%7C%20348&ep.event_id=1776062812724_17760623286832&ep.custom_dicbo=not%20set&ep.custom_consent_gtm_outbrain=no&ep.custom_consent_gtm_fpc_rtid=no&epn.custom_data_newSession2=0&ep.custom_device_category=desktop&ep.custom_event_name=gtm.init&ep.custom_quantity=0&ep.custom_step=not%20set&ep.custom_user_type_by_user_id=guest&ep.event_action=no-value&_et=1590&ep.user_data._tag_mode=MANUAL&tfd=2958' violates the following Content Security Policy directive: "connect-src 'none'". The policy is report-only, so the violation has been logged but no further action has been taken. @ https://static.canva.com/web/c688833c9c362b5c.sentry_browser.js:0
[   40585ms] [INFO] Connecting to 'https://bat.bing.com/actionp/0?ti=56000504&tm=gtm002&Ver=2&mid=dd39e6a7-e7fc-4c13-a5b1-fef24023778b&bo=2&sid=991c29e0370211f18988d15d78ebedee&vid=991c3be0370211f1a9a823853f01c7b7&vids=0&msclkid=N&evt=pageHide' violates the following Content Security Policy directive: "connect-src 'none'". The policy is report-only, so the violation has been logged but no further action has been taken. @ https://bat.bing.com/bat.js:0
[   40585ms] [INFO] Connecting to 'https://bat.bing.com/actionp/0?ti=56000504&tm=gtm002&Ver=2&mid=dd39e6a7-e7fc-4c13-a5b1-fef24023778b&bo=2&sid=991c29e0370211f18988d15d78ebedee&vid=991c3be0370211f1a9a823853f01c7b7&vids=0&msclkid=N&evt=pageHide' violates the following Content Security Policy directive: "connect-src 'none'". The policy is report-only, so the violation has been logged but no further action has been taken. @ https://bat.bing.com/bat.js:0
[   40587ms] [INFO] Connecting to 'https://www.canva.com/cdn-cgi/rum?' violates the following Content Security Policy directive: "connect-src 'none'". The policy is report-only, so the violation has been logged but no further action has been taken. @ https://static.cloudflareinsights.com/beacon.min.js/vcd15cbe7772f49c399c6a5babf22c1241717689176015:0
[   40587ms] [INFO] Connecting to 'https://www.canva.com/cdn-cgi/rum?' violates the following Content Security Policy directive: "connect-src 'none'". The policy is report-only, so the violation has been logged but no further action has been taken. @ https://static.cloudflareinsights.com/beacon.min.js/vcd15cbe7772f49c399c6a5babf22c1241717689176015:0
[   42141ms] [INFO] websocket_client: 1776062009303 connecting... @ https://static.canva.com/web/4e79c99ae5dfae9b.sentry_browser.js:0
[   42704ms] [ERROR] Attestation check for Attribution Reporting on https://www.facebook.com failed. @ https://www.canva.com/?continue_in_browser=true:0
[   42705ms] [ERROR] Attestation check for Attribution Reporting on https://www.facebook.com failed. @ https://www.canva.com/?continue_in_browser=true:0
[   42708ms] [ERROR] Attestation check for Attribution Reporting on https://www.facebook.com failed. @ https://www.canva.com/?continue_in_browser=true:0
[   42844ms] [INFO] websocket_client: connected @ https://static.canva.com/web/4e79c99ae5dfae9b.sentry_browser.js:0
[   42845ms] [INFO] websocket_client: status CONNECTED @ https://static.canva.com/web/4e79c99ae5dfae9b.sentry_browser.js:0
[   43030ms] [INFO] websocket_client: request id 9eb8705f9887e2be @ https://static.canva.com/web/4e79c99ae5dfae9b.sentry_browser.js:0
[   43702ms] [ERROR] Attestation check for Attribution Reporting on https://www.facebook.com failed. @ https://www.canva.com/?continue_in_browser=true:0
[   80124ms] [ERROR] Attestation check for Attribution Reporting on https://www.facebook.com failed. @ https://www.canva.com/?continue_in_browser=true:0
[  106390ms] [ERROR] Attestation check for Attribution Reporting on https://www.facebook.com failed. @ https://www.canva.com/?continue_in_browser=true:0
[  222679ms] [ERROR] Attestation check for Attribution Reporting on https://www.facebook.com failed. @ https://www.canva.com/?continue_in_browser=true:0
[  409582ms] [ERROR] Attestation check for Attribution Reporting on https://www.facebook.com failed. @ https://www.canva.com/?continue_in_browser=true:0
[ 1021565ms] [ERROR] Attestation check for Attribution Reporting on https://www.facebook.com failed. @ https://www.canva.com/?continue_in_browser=true:0
[ 1043533ms] [ERROR] Attestation check for Attribution Reporting on https://www.facebook.com failed. @ https://www.canva.com/?continue_in_browser=true:0
[ 1064621ms] [ERROR] Attestation check for Attribution Reporting on https://www.facebook.com failed. @ https://www.canva.com/?continue_in_browser=true:0
[ 1094993ms] [ERROR] Attestation check for Attribution Reporting on https://www.facebook.com failed. @ https://www.canva.com/?continue_in_browser=true:0
[ 1096183ms] [ERROR] Attestation check for Attribution Reporting on https://www.facebook.com failed. @ https://www.canva.com/?continue_in_browser=true:0
[ 1112244ms] [ERROR] Attestation check for Attribution Reporting on https://www.facebook.com failed. @ https://www.canva.com/?continue_in_browser=true:0
[ 1113208ms] [ERROR] Attestation check for Attribution Reporting on https://www.facebook.com failed. @ https://www.canva.com/?continue_in_browser=true:0
[ 1136083ms] [ERROR] Attestation check for Attribution Reporting on https://www.facebook.com failed. @ https://www.canva.com/?continue_in_browser=true:0
[ 1137376ms] [ERROR] Attestation check for Attribution Reporting on https://www.facebook.com failed. @ https://www.canva.com/?continue_in_browser=true:0
[ 1150966ms] [ERROR] Attestation check for Attribution Reporting on https://www.facebook.com failed. @ https://www.canva.com/?continue_in_browser=true:0
[ 1152023ms] [ERROR] Attestation check for Attribution Reporting on https://www.facebook.com failed. @ https://www.canva.com/?continue_in_browser=true:0
[ 1323784ms] [INFO] websocket_client: status ERROR, reconnecting in 2474ms Error: Gateway closed the connection.
    at WebSocket.<anonymous> (https://static.canva.com/web/a584392145c5802c.vendor.js:2:407753)
    at WebSocket.n (https://static.canva.com/web/4e79c99ae5dfae9b.sentry_browser.js:1:75060) @ https://static.canva.com/web/4e79c99ae5dfae9b.sentry_browser.js:0
[ 1326267ms] [INFO] websocket_client: 1776063293428 connecting... @ https://static.canva.com/web/4e79c99ae5dfae9b.sentry_browser.js:0
[ 1326936ms] [INFO] websocket_client: connected @ https://static.canva.com/web/4e79c99ae5dfae9b.sentry_browser.js:0
[ 1326947ms] [INFO] websocket_client: status CONNECTED @ https://static.canva.com/web/4e79c99ae5dfae9b.sentry_browser.js:0
[ 1327108ms] [INFO] websocket_client: request id 9eb88fb94b7bdf4e @ https://static.canva.com/web/4e79c99ae5dfae9b.sentry_browser.js:0
[ 2127006ms] [ERROR] Attestation check for Attribution Reporting on https://www.facebook.com failed. @ https://www.canva.com/?continue_in_browser=true:0
[ 2130682ms] [INFO] websocket_client: 1776064097843 connecting... @ https://static.canva.com/web/4e79c99ae5dfae9b.sentry_browser.js:0
[ 2131167ms] [ERROR] Attestation check for Attribution Reporting on https://www.facebook.com failed. @ https://www.canva.com/?continue_in_browser=true:0
[ 2131458ms] [INFO] websocket_client: connected @ https://static.canva.com/web/4e79c99ae5dfae9b.sentry_browser.js:0
[ 2131459ms] [INFO] websocket_client: status CONNECTED @ https://static.canva.com/web/4e79c99ae5dfae9b.sentry_browser.js:0
[ 2131486ms] [ERROR] Attestation check for Attribution Reporting on https://www.facebook.com failed. @ https://www.canva.com/?continue_in_browser=true:0
[ 2131487ms] [ERROR] Attestation check for Attribution Reporting on https://www.facebook.com failed. @ https://www.canva.com/?continue_in_browser=true:0
[ 2131637ms] [INFO] websocket_client: request id 9eb8a35cd82ad93a @ https://static.canva.com/web/4e79c99ae5dfae9b.sentry_browser.js:0
[ 2134579ms] [ERROR] Attestation check for Attribution Reporting on https://www.facebook.com failed. @ https://www.canva.com/?continue_in_browser=true:0
[ 2427019ms] [ERROR] Attestation check for Attribution Reporting on https://www.facebook.com failed. @ https://www.canva.com/?continue_in_browser=true:0
[ 2429493ms] [ERROR] Attestation check for Attribution Reporting on https://www.facebook.com failed. @ https://www.canva.com/?continue_in_browser=true:0
[ 2436301ms] [ERROR] Attestation check for Attribution Reporting on https://www.facebook.com failed. @ https://www.canva.com/?continue_in_browser=true:0
[ 2478692ms] [ERROR] Attestation check for Attribution Reporting on https://www.facebook.com failed. @ https://www.canva.com/print-shop?continue_in_browser=true:0
[ 2478735ms] [ERROR] Attestation check for Attribution Reporting on https://www.facebook.com failed. @ https://www.canva.com/print-shop?continue_in_browser=true:0
