[  297979ms] [WARNING] Multiple GoTrueClient instances detected in the same browser context. It is not an error, but this should be avoided as it may produce undefined behavior when used concurrently under the same storage key. @ https://21st.dev/_next/static/chunks/80841-25f069ea8b5e3189.js:5
[  298320ms] [WARNING] [PostHog.js] You have already initialized PostHog! Re-initializing is a no-op @ https://21st.dev/_next/static/chunks/2d2d3c67-6fafac9e748883a7.js:0
[  298539ms] [WARNING] [PostHog.js] You have already initialized PostHog! Re-initializing is a no-op @ https://21st.dev/_next/static/chunks/2d2d3c67-6fafac9e748883a7.js:0
[  299145ms] [LOG] [Featurebase SDK] Initializing SDK! @ https://do.featurebase.app/js/sdk.js:246
[  299581ms] [LOG] [Featurebase SDK] Messenger initialization already in progress, checking if data changed @ https://do.featurebase.app/js/sdk.js:246
[  299581ms] [LOG] [Featurebase SDK] Data changed, canceling previous request @ https://do.featurebase.app/js/sdk.js:246
[  299582ms] [LOG] [Featurebase SDK] Previous request canceled due to new request @ https://do.featurebase.app/js/sdk.js:246
[  299661ms] [LOG] [Featurebase SDK] Messenger initialization already in progress, checking if data changed @ https://do.featurebase.app/js/sdk.js:246
[  299661ms] [LOG] [Featurebase SDK] Data changed, canceling previous request @ https://do.featurebase.app/js/sdk.js:246
[  299662ms] [LOG] [Featurebase SDK] Previous request canceled due to new request @ https://do.featurebase.app/js/sdk.js:246
[  299738ms] [LOG] [Featurebase SDK] Messenger initialization already in progress, checking if data changed @ https://do.featurebase.app/js/sdk.js:246
[  299739ms] [LOG] [Featurebase SDK] Data changed, canceling previous request @ https://do.featurebase.app/js/sdk.js:246
[  299740ms] [LOG] [Featurebase SDK] Previous request canceled due to new request @ https://do.featurebase.app/js/sdk.js:246
[  299822ms] [LOG] [Featurebase SDK] Messenger initialization already in progress, checking if data changed @ https://do.featurebase.app/js/sdk.js:246
[  299823ms] [LOG] [Featurebase SDK] Same data as previous request, waiting for completion @ https://do.featurebase.app/js/sdk.js:246
[  299899ms] [LOG] [Featurebase SDK] Messenger initialization already in progress, checking if data changed @ https://do.featurebase.app/js/sdk.js:246
[  299899ms] [LOG] [Featurebase SDK] Same data as previous request, waiting for completion @ https://do.featurebase.app/js/sdk.js:246
[  300734ms] [WARNING] An iframe which has both allow-scripts and allow-same-origin for its sandbox attribute can escape its sandboxing. @ https://do.featurebase.app/js/sdk.js:240
[  306192ms] [WARNING] The resource https://21st.dev/_next/static/css/4de4661c6388537a.css was preloaded using link preload but not used within a few seconds from the window's load event. Please make sure it has an appropriate `as` value and it is preloaded intentionally. @ https://21st.dev/home:0
[  337906ms] [WARNING] The resource https://21st.dev/_next/static/css/4de4661c6388537a.css was preloaded using link preload but not used within a few seconds from the window's load event. Please make sure it has an appropriate `as` value and it is preloaded intentionally. @ https://21st.dev/home:0
[  347059ms] [WARNING] The resource https://21st.dev/_next/static/css/4de4661c6388537a.css was preloaded using link preload but not used within a few seconds from the window's load event. Please make sure it has an appropriate `as` value and it is preloaded intentionally. @ https://21st.dev/home:0
[  349178ms] [WARNING] Warning: Missing `Description` or `aria-describedby={undefined}` for {DialogContent}. @ https://21st.dev/_next/static/chunks/69557-9d93ffb27f3e0c13.js:4
[  349218ms] [WARNING] Blocked aria-hidden on an element because its descendant retained focus. The focus must not be hidden from assistive technology users. Avoid using aria-hidden on a focused element or its ancestor. Consider using the inert attribute instead, which will also prevent focus. For more details, see the aria-hidden section of the WAI-ARIA specification at https://w3c.github.io/aria/#aria-hidden.
Element with focus: <a.relative block w-full rounded-[12px] overflow-hidden p-4 cursor-pointer h-[156px] flex flex-col bg-tl-background focus-visible:outline-none focus-visible:ring-2 focus-visible:ring-primary/50 min-w-0 shadow-[inset_0_0_0_1px_#0000000a,0_1px_2px_#0000000a] dark:shadow-[inset_0_0_0_1px_#ffffff14,0_1px_3px_#00000040]>
Ancestor with aria-hidden: <div.h-svh bg-tl-background overflow-hidden> @ https://21st.dev/home:0
[  354160ms] [ERROR] Failed to load resource: the server responded with a status of 404 () @ https://pbs.twimg.com/profile_images/1946774162124554241/hB_Gz7Wc_400x400.jpg:0
[  354160ms] [ERROR] Failed to load resource: the server responded with a status of 404 () @ https://pbs.twimg.com/profile_images/1906333072863182848/-A67KlMP_400x400.jpg:0
[  355006ms] [ERROR] Failed to load resource: the server responded with a status of 404 () @ https://pbs.twimg.com/profile_images/1946774162124554241/hB_Gz7Wc_400x400.jpg:0
[  355018ms] [ERROR] Failed to load resource: the server responded with a status of 404 () @ https://pbs.twimg.com/profile_images/1946774162124554241/hB_Gz7Wc_400x400.jpg:0
[  359544ms] [WARNING] The resource https://21st.dev/_next/static/css/4de4661c6388537a.css was preloaded using link preload but not used within a few seconds from the window's load event. Please make sure it has an appropriate `as` value and it is preloaded intentionally. @ https://21st.dev/community/components/newest:0
[  364869ms] [WARNING] The resource https://21st.dev/_next/static/css/4de4661c6388537a.css was preloaded using link preload but not used within a few seconds from the window's load event. Please make sure it has an appropriate `as` value and it is preloaded intentionally. @ https://21st.dev/community/components/newest:0
[  412991ms] [WARNING] The resource https://21st.dev/_next/static/css/4de4661c6388537a.css was preloaded using link preload but not used within a few seconds from the window's load event. Please make sure it has an appropriate `as` value and it is preloaded intentionally. @ https://21st.dev/community/components/newest:0
[  602425ms] [WARNING] The resource https://21st.dev/_next/static/css/4de4661c6388537a.css was preloaded using link preload but not used within a few seconds from the window's load event. Please make sure it has an appropriate `as` value and it is preloaded intentionally. @ https://21st.dev/community/components/newest:0
[  623706ms] [WARNING] The resource https://21st.dev/_next/static/css/4de4661c6388537a.css was preloaded using link preload but not used within a few seconds from the window's load event. Please make sure it has an appropriate `as` value and it is preloaded intentionally. @ https://21st.dev/community/components/newest:0
[  747868ms] [WARNING] The resource https://21st.dev/_next/static/css/4de4661c6388537a.css was preloaded using link preload but not used within a few seconds from the window's load event. Please make sure it has an appropriate `as` value and it is preloaded intentionally. @ https://21st.dev/community/components/newest:0
[  757352ms] [WARNING] The resource https://21st.dev/_next/static/css/4de4661c6388537a.css was preloaded using link preload but not used within a few seconds from the window's load event. Please make sure it has an appropriate `as` value and it is preloaded intentionally. @ https://21st.dev/community/components/s/background:0
[  767179ms] [ERROR] Failed to load resource: the server responded with a status of 404 () @ https://pbs.twimg.com/profile_images/1946774162124554241/hB_Gz7Wc_400x400.jpg:0
[  795383ms] [WARNING] The resource https://21st.dev/_next/static/css/4de4661c6388537a.css was preloaded using link preload but not used within a few seconds from the window's load event. Please make sure it has an appropriate `as` value and it is preloaded intentionally. @ https://21st.dev/community/components:0
[  817488ms] [ERROR] Failed to load resource: the server responded with a status of 404 () @ https://pbs.twimg.com/profile_images/1970810743554531328/1HICDFv1_400x400.png:0
[  817499ms] [ERROR] Failed to load resource: the server responded with a status of 404 () @ https://pbs.twimg.com/profile_images/1925076706920173568/NIwSu51d_400x400.jpg:0
[  817756ms] [WARNING] The resource https://21st.dev/_next/static/css/4de4661c6388537a.css was preloaded using link preload but not used within a few seconds from the window's load event. Please make sure it has an appropriate `as` value and it is preloaded intentionally. @ https://21st.dev/community/components:0
[  823602ms] [WARNING] The resource https://21st.dev/_next/static/css/4de4661c6388537a.css was preloaded using link preload but not used within a few seconds from the window's load event. Please make sure it has an appropriate `as` value and it is preloaded intentionally. @ https://21st.dev/community/components:0
[  908315ms] [WARNING] The resource https://21st.dev/_next/static/css/4de4661c6388537a.css was preloaded using link preload but not used within a few seconds from the window's load event. Please make sure it has an appropriate `as` value and it is preloaded intentionally. @ https://21st.dev/community/components:0
